ARM Linker, 5.02 [Build 28] [MDK-ARM Standard]

==============================================================================

Section Cross References

    main.o(.text) refers to system_init.o(.text) for System_Init
    main.o(.text) refers to modbus_agreement.o(.text) for RTU_Data_Analysis
    main.o(.text) refers to execute_action_group.o(.text) for Execute_Action
    main.o(.text) refers to bsp_usart2.o(.text) for Clean_Data
    main.o(.text) refers to bsp_usart2.o(.data) for USART_RX_Over
    main.o(.text) refers to bsp_usart2.o(.bss) for Receive_Master_Data
    servo_control.o(.text) refers to stm32f10x_gpio.o(.text) for GPIO_SetBits
    servo_control.o(.text) refers to frleqf.o(x$fpl$frleqf) for __aeabi_cfrcmple
    servo_control.o(.text) refers to feqf.o(x$fpl$feqf) for __aeabi_cfcmpeq
    servo_control.o(.text) refers to fmul.o(x$fpl$fmul) for __aeabi_fmul
    servo_control.o(.text) refers to fflt_clz.o(x$fpl$ffltu) for __aeabi_ui2f
    servo_control.o(.text) refers to faddsub_clz.o(x$fpl$fsub) for __aeabi_fsub
    servo_control.o(.text) refers to fleqf.o(x$fpl$fleqf) for __aeabi_cfcmple
    servo_control.o(.text) refers to faddsub_clz.o(x$fpl$fadd) for __aeabi_fadd
    servo_control.o(.text) refers to ffixu.o(x$fpl$ffixu) for __aeabi_f2uiz
    servo_control.o(.text) refers to servo_control.o(.bss) for Servo
    servo_control.o(.text) refers to servo_control.o(.data) for Servo_Num
    servo_control.o(.text) refers to bsp_tim2.o(.data) for Flag
    analyze_action_group.o(.text) refers to dflt_clz.o(x$fpl$dfltu) for __aeabi_ui2d
    analyze_action_group.o(.text) refers to ddiv.o(x$fpl$ddiv) for __aeabi_ddiv
    analyze_action_group.o(.text) refers to fflt_clz.o(x$fpl$ffltu) for __aeabi_ui2f
    analyze_action_group.o(.text) refers to faddsub_clz.o(x$fpl$fsub) for __aeabi_fsub
    analyze_action_group.o(.text) refers to f2d.o(x$fpl$f2d) for __aeabi_f2d
    analyze_action_group.o(.text) refers to d2f.o(x$fpl$d2f) for __aeabi_d2f
    analyze_action_group.o(.text) refers to bsp_systick.o(.text) for SysTick_Delay_ms
    analyze_action_group.o(.text) refers to servo_control.o(.bss) for Servo
    execute_action_group.o(.text) refers to analyze_action_group.o(.text) for Analyze_Action_Group
    execute_action_group.o(.text) refers to bsp_usart2.o(.text) for Send_Data_to_Master
    execute_action_group.o(.text) refers to analyze_action_group.o(.data) for Curl_Up
    modbus_agreement.o(.text) refers to bsp_usart2.o(.text) for Send_Data_to_Master
    modbus_agreement.o(.text) refers to modbus_agreement.o(.data) for Check_Code
    modbus_agreement.o(.text) refers to modbus_agreement.o(.bss) for Strings
    system_init.o(.text) refers to bsp_servo_gpio.o(.text) for Servo_GPIO_Init
    system_init.o(.text) refers to servo_control.o(.text) for Servo_Pulse_Width_Init
    system_init.o(.text) refers to bsp_usart1.o(.text) for USART1_Config
    system_init.o(.text) refers to bsp_usart2.o(.text) for USART2_Config
    system_init.o(.text) refers to bsp_tim2.o(.text) for TIM2_Config_Init
    system_init.o(.text) refers to bsp_systick.o(.text) for SysTick_Delay_ms
    system_init.o(.text) refers to execute_action_group.o(.text) for Curl_Up_Action
    system_stm32f10x.o(.text) refers to system_stm32f10x.o(.data) for SystemCoreClock
    stm32f10x_gpio.o(.text) refers to stm32f10x_rcc.o(.text) for RCC_APB2PeriphResetCmd
    stm32f10x_rcc.o(.text) refers to stm32f10x_rcc.o(.data) for APBAHBPrescTable
    stm32f10x_usart.o(.text) refers to stm32f10x_rcc.o(.text) for RCC_APB2PeriphResetCmd
    stm32f10x_i2c.o(.text) refers to stm32f10x_rcc.o(.text) for RCC_APB1PeriphResetCmd
    stm32f10x_tim.o(.text) refers to stm32f10x_rcc.o(.text) for RCC_APB2PeriphResetCmd
    stm32f10x_spi.o(.text) refers to stm32f10x_rcc.o(.text) for RCC_APB2PeriphResetCmd
    stm32f10x_adc.o(.text) refers to stm32f10x_rcc.o(.text) for RCC_APB2PeriphResetCmd
    startup_stm32f10x_hd.o(STACK) refers (Special) to heapauxi.o(.text) for __use_two_region_memory
    startup_stm32f10x_hd.o(HEAP) refers (Special) to heapauxi.o(.text) for __use_two_region_memory
    startup_stm32f10x_hd.o(RESET) refers (Special) to heapauxi.o(.text) for __use_two_region_memory
    startup_stm32f10x_hd.o(RESET) refers to startup_stm32f10x_hd.o(STACK) for __initial_sp
    startup_stm32f10x_hd.o(RESET) refers to startup_stm32f10x_hd.o(.text) for Reset_Handler
    startup_stm32f10x_hd.o(RESET) refers to stm32f10x_it.o(.text) for NMI_Handler
    startup_stm32f10x_hd.o(RESET) refers to bsp_tim2.o(.text) for TIM2_IRQHandler
    startup_stm32f10x_hd.o(RESET) refers to bsp_usart1.o(.text) for USART1_IRQHandler
    startup_stm32f10x_hd.o(RESET) refers to bsp_usart2.o(.text) for USART2_IRQHandler
    startup_stm32f10x_hd.o(.text) refers (Special) to heapauxi.o(.text) for __use_two_region_memory
    startup_stm32f10x_hd.o(.text) refers to system_stm32f10x.o(.text) for SystemInit
    startup_stm32f10x_hd.o(.text) refers to __main.o(!!!main) for __main
[...]
    fflt_clz.o(x$fpl$ffltn) refers (Special) to usenofp.o(x$fpl$usenofp) for __I$use$fp
    fleqf.o(x$fpl$fleqf) refers (Special) to usenofp.o(x$fpl$usenofp) for __I$use$fp
    fleqf.o(x$fpl$fleqf) refers to fnaninf.o(x$fpl$fnaninf) for __fpl_fnaninf
    fleqf.o(x$fpl$fleqf) refers to fcmpi.o(x$fpl$fcmpinf) for __fpl_fcmp_Inf
    fmul.o(x$fpl$fmul) refers (Special) to usenofp.o(x$fpl$usenofp) for __I$use$fp
    fmul.o(x$fpl$fmul) refers to fretinf.o(x$fpl$fretinf) for __fpl_fretinf
    fmul.o(x$fpl$fmul) refers to fnaninf.o(x$fpl$fnaninf) for __fpl_fnaninf
    frleqf.o(x$fpl$frleqf) refers (Special) to usenofp.o(x$fpl$usenofp) for __I$use$fp
    frleqf.o(x$fpl$frleqf) refers to fleqf.o(x$fpl$fleqf) for __fpl_fcmple_InfNaN
    rtentry.o(.ARM.Collect$$rtentry$$00000000) refers (Special) to rtentry2.o(.ARM.Collect$$rtentry$$0000000A) for __rt_entry_li
    rtentry.o(.ARM.Collect$$rtentry$$00000000) refers (Special) to rtentry2.o(.ARM.Collect$$rtentry$$0000000D) for __rt_entry_main
    rtentry.o(.ARM.Collect$$rtentry$$00000000) refers (Special) to rtentry2.o(.ARM.Collect$$rtentry$$0000000C) for __rt_entry_postli_1
    rtentry.o(.ARM.Collect$$rtentry$$00000000) refers (Special) to rtentry2.o(.ARM.Collect$$rtentry$$00000009) for __rt_entry_postsh_1
    rtentry.o(.ARM.Collect$$rtentry$$00000000) refers (Special) to rtentry2.o(.ARM.Collect$$rtentry$$00000002) for __rt_entry_presh_1
    rtentry.o(.ARM.Collect$$rtentry$$00000000) refers (Special) to rtentry4.o(.ARM.Collect$$rtentry$$00000004) for __rt_entry_sh
    dnaninf.o(x$fpl$dnaninf) refers (Special) to usenofp.o(x$fpl$usenofp) for __I$use$fp
    dretinf.o(x$fpl$dretinf) refers (Special) to usenofp.o(x$fpl$usenofp) for __I$use$fp
    fcmpi.o(x$fpl$fcmpinf) refers (Special) to usenofp.o(x$fpl$usenofp) for __I$use$fp
    fnaninf.o(x$fpl$fnaninf) refers (Special) to usenofp.o(x$fpl$usenofp) for __I$use$fp
    fretinf.o(x$fpl$fretinf) refers (Special) to usenofp.o(x$fpl$usenofp) for __I$use$fp
    rtentry2.o(.ARM.Collect$$rtentry$$00000008) refers to boardinit2.o(.text) for _platform_post_stackheap_init
    rtentry2.o(.ARM.Collect$$rtentry$$0000000A) refers to libinit.o(.ARM.Collect$$libinit$$00000000) for __rt_lib_init
    rtentry2.o(.ARM.Collect$$rtentry$$0000000B) refers to boardinit3.o(.text) for _platform_post_lib_init
    rtentry2.o(.ARM.Collect$$rtentry$$0000000D) refers to main.o(.text) for main
    rtentry2.o(.ARM.Collect$$rtentry$$0000000D) refers to exit.o(.text) for exit
    rtentry2.o(.ARM.exidx) refers to rtentry2.o(.ARM.Collect$$rtentry$$00000001) for .ARM.Collect$$rtentry$$00000001
    rtentry2.o(.ARM.exidx) refers to rtentry2.o(.ARM.Collect$$rtentry$$00000008) for .ARM.Collect$$rtentry$$00000008
    rtentry2.o(.ARM.exidx) refers to rtentry2.o(.ARM.Collect$$rtentry$$0000000A) for .ARM.Collect$$rtentry$$0000000A
    rtentry2.o(.ARM.exidx) refers to rtentry2.o(.ARM.Collect$$rtentry$$0000000B) for .ARM.Collect$$rtentry$$0000000B
    rtentry2.o(.ARM.exidx) refers to rtentry2.o(.ARM.Collect$$rtentry$$0000000D) for .ARM.Collect$$rtentry$$0000000D
    rtentry4.o(.ARM.Collect$$rtentry$$00000004) refers to sys_stackheap_outer.o(.text) for __user_setup_stackheap
    rtentry4.o(.ARM.exidx) refers to rtentry4.o(.ARM.Collect$$rtentry$$00000004) for .ARM.Collect$$rtentry$$00000004
    sys_stackheap_outer.o(.text) refers to libspace.o(.text) for __user_perproc_libspace
    sys_stackheap_outer.o(.text) refers to startup_stm32f10x_hd.o(.text) for __user_initial_stackheap
    exit.o(.text) refers to rtexit.o(.ARM.Collect$$rtexit$$00000000) for __rt_exit
    libinit.o(.ARM.Collect$$libinit$$00000000) refers (Special) to libinit2.o(.ARM.Collect$$libinit$$0000002C) for __rt_lib_init_alloca_1
    libinit.o(.ARM.Collect$$libinit$$00000000) refers (Special) to libinit2.o(.ARM.Collect$$libinit$$0000002A) for __rt_lib_init_argv_1
    libinit.o(.ARM.Collect$$libinit$$00000000) refers (Special) to libinit2.o(.ARM.Collect$$libinit$$00000019) for __rt_lib_init_atexit_1
    libinit.o(.ARM.Collect$$libinit$$00000000) refers (Special) to libinit2.o(.ARM.Collect$$libinit$$0000001F) for __rt_lib_init_clock_1
    libinit.o(.ARM.Collect$$libinit$$00000000) refers (Special) to libinit2.o(.ARM.Collect$$libinit$$00000030) for __rt_lib_init_cpp_1
    libinit.o(.ARM.Collect$$libinit$$00000000) refers (Special) to libinit2.o(.ARM.Collect$$libinit$$0000002E) for __rt_lib_init_exceptions_1
    libinit.o(.ARM.Collect$$libinit$$00000000) refers (Special) to libinit2.o(.ARM.Collect$$libinit$$00000002) for __rt_lib_init_fp_1
    libinit.o(.ARM.Collect$$libinit$$00000000) refers (Special) to libinit2.o(.ARM.Collect$$libinit$$0000001D) for __rt_lib_init_fp_trap_1
    libinit.o(.ARM.Collect$$libinit$$00000000) refers (Special) to libinit2.o(.ARM.Collect$$libinit$$00000021) for __rt_lib_init_getenv_1
    libinit.o(.ARM.Collect$$libinit$$00000000) refers (Special) to libinit2.o(.ARM.Collect$$libinit$$00000008) for __rt_lib_init_heap_1
    libinit.o(.ARM.Collect$$libinit$$00000000) refers (Special) to libinit2.o(.ARM.Collect$$libinit$$0000000F) for __rt_lib_init_lc_collate_1
    libinit.o(.ARM.Collect$$libinit$$00000000) refers (Special) to libinit2.o(.ARM.Collect$$libinit$$00000011) for __rt_lib_init_lc_ctype_1
    libinit.o(.ARM.Collect$$libinit$$00000000) refers (Special) to libinit2.o(.ARM.Collect$$libinit$$00000013) for __rt_lib_init_lc_monetary_1
    libinit.o(.ARM.Collect$$libinit$$00000000) refers (Special) to libinit2.o(.ARM.Collect$$libinit$$00000015) for __rt_lib_init_lc_numeric_1
    libinit.o(.ARM.Collect$$libinit$$00000000) refers (Special) to libinit2.o(.ARM.Collect$$libinit$$00000017) for __rt_lib_init_lc_time_1
    libinit.o(.ARM.Collect$$libinit$$00000000) refers (Special) to libinit2.o(.ARM.Collect$$libinit$$0000000C) for __rt_lib_init_rand_1
    libinit.o(.ARM.Collect$$libinit$$00000000) refers (Special) to libinit2.o(.ARM.Collect$$libinit$$00000031) for __rt_lib_init_return
    libinit.o(.ARM.Collect$$libinit$$00000000) refers (Special) to libinit2.o(.ARM.Collect$$libinit$$0000001B) for __rt_lib_init_signal_1
    libinit.o(.ARM.Collect$$libinit$$00000000) refers (Special) to libinit2.o(.ARM.Collect$$libinit$$00000023) for __rt_lib_init_stdio_1
    libinit.o(.ARM.Collect$$libinit$$00000000) refers (Special) to libinit2.o(.ARM.Collect$$libinit$$0000000A) for __rt_lib_init_user_alloc_1
    libspace.o(.text) refers to libspace.o(.bss) for __libspace_start
    rtexit.o(.ARM.Collect$$rtexit$$00000000) refers (Special) to rtexit2.o(.ARM.Collect$$rtexit$$00000004) for __rt_exit_exit
    rtexit.o(.ARM.Collect$$rtexit$$00000000) refers (Special) to rtexit2.o(.ARM.Collect$$rtexit$$00000003) for __rt_exit_ls
    rtexit.o(.ARM.Collect$$rtexit$$00000000) refers (Special) to rtexit2.o(.ARM.Collect$$rtexit$$00000002) for __rt_exit_prels_1
    rtexit.o(.ARM.exidx) refers (Special) to rtexit2.o(.ARM.Collect$$rtexit$$00000004) for __rt_exit_exit
    rtexit.o(.ARM.exidx) refers (Special) to rtexit2.o(.ARM.Collect$$rtexit$$00000003) for __rt_exit_ls
    rtexit.o(.ARM.exidx) refers (Special) to rtexit2.o(.ARM.Collect$$rtexit$$00000002) for __rt_exit_prels_1
    rtexit.o(.ARM.exidx) refers to rtexit.o(.ARM.Collect$$rtexit$$00000000) for .ARM.Collect$$rtexit$$00000000
    libinit2.o(.ARM.Collect$$libinit$$0000000E) refers to libinit2.o(.ARM.Collect$$libinit$$0000000D) for .ARM.Collect$$libinit$$0000000D
    libinit2.o(.ARM.Collect$$libinit$$00000010) refers to libinit2.o(.ARM.Collect$$libinit$$0000000D) for .ARM.Collect$$libinit$$0000000D
    libinit2.o(.ARM.Collect$$libinit$$00000012) refers to libinit2.o(.ARM.Collect$$libinit$$0000000D) for .ARM.Collect$$libinit$$0000000D
    libinit2.o(.ARM.Collect$$libinit$$00000014) refers to libinit2.o(.ARM.Collect$$libinit$$0000000D) for .ARM.Collect$$libinit$$0000000D
    libinit2.o(.ARM.Collect$$libinit$$00000016) refers to libinit2.o(.ARM.Collect$$libinit$$0000000D) for .ARM.Collect$$libinit$$0000000D
    libinit2.o(.ARM.Collect$$libinit$$00000024) refers to argv_veneer.o(.emb_text) for __ARM_argv_veneer
    libinit2.o(.ARM.Collect$$libinit$$00000025) refers to argv_veneer.o(.emb_text) for __ARM_argv_veneer
    rtexit2.o(.ARM.Collect$$rtexit$$00000003) refers to libshutdown.o(.ARM.Collect$$libshutdown$$00000000) for __rt_lib_shutdown
    rtexit2.o(.ARM.Collect$$rtexit$$00000004) refers to sys_exit.o(.text) for _sys_exit
    rtexit2.o(.ARM.exidx) refers to rtexit2.o(.ARM.Collect$$rtexit$$00000001) for .ARM.Collect$$rtexit$$00000001
    rtexit2.o(.ARM.exidx) refers to rtexit2.o(.ARM.Collect$$rtexit$$00000003) for .ARM.Collect$$rtexit$$00000003
    rtexit2.o(.ARM.exidx) refers to rtexit2.o(.ARM.Collect$$rtexit$$00000004) for .ARM.Collect$$rtexit$$00000004
    argv_veneer.o(.emb_text) refers to no_argv.o(.text) for __ARM_get_argv
    sys_exit.o(.text) refers (Special) to use_no_semi.o(.text) for __I$use$semihosting
    sys_exit.o(.text) refers (Special) to indicate_semi.o(.text) for __semihosting_library_function
    _get_argv_nomalloc.o(.text) refers (Special) to hrguard.o(.text) for __heap_region$guard
    _get_argv_nomalloc.o(.text) refers to defsig_rtmem_outer.o(.text) for __rt_SIGRTMEM
    _get_argv_nomalloc.o(.text) refers to sys_command.o(.text) for _sys_command_string
    libshutdown.o(.ARM.Collect$$libshutdown$$00000000) refers (Special) to libshutdown2.o(.ARM.Collect$$libshutdown$$00000006) for __rt_lib_shutdown_fp_trap_1
    libshutdown.o(.ARM.Collect$$libshutdown$$00000000) refers (Special) to libshutdown2.o(.ARM.Collect$$libshutdown$$0000000E) for __rt_lib_shutdown_heap_1
    libshutdown.o(.ARM.Collect$$libshutdown$$00000000) refers (Special) to libshutdown2.o(.ARM.Collect$$libshutdown$$0000000F) for __rt_lib_shutdown_return
    libshutdown.o(.ARM.Collect$$libshutdown$$00000000) refers (Special) to libshutdown2.o(.ARM.Collect$$libshutdown$$00000009) for __rt_lib_shutdown_signal_1
    libshutdown.o(.ARM.Collect$$libshutdown$$00000000) refers (Special) to libshutdown2.o(.ARM.Collect$$libshutdown$$00000003) for __rt_lib_shutdown_stdio_1
    libshutdown.o(.ARM.Collect$$libshutdown$$00000000) refers (Special) to libshutdown2.o(.ARM.Collect$$libshutdown$$0000000B) for __rt_lib_shutdown_user_alloc_1
    sys_command.o(.text) refers (Special) to use_no_semi.o(.text) for __I$use$semihosting
    sys_command.o(.text) refers (Special) to indicate_semi.o(.text) for __semihosting_library_function
    defsig_rtmem_outer.o(.text) refers to defsig_rtmem_inner.o(.text) for __rt_SIGRTMEM_inner
    defsig_rtmem_outer.o(.text) refers to defsig_exit.o(.text) for __sig_exit
    defsig_rtmem_formal.o(.text) refers to rt_raise.o(.text) for __rt_raise
    rt_raise.o(.text) refers to __raise.o(.text) for __raise
    rt_raise.o(.text) refers to sys_exit.o(.text) for _sys_exit
    defsig_exit.o(.text) refers to sys_exit.o(.text) for _sys_exit
    defsig_rtmem_inner.o(.text) refers to defsig_general.o(.text) for __default_signal_display
    __raise.o(.text) refers to defsig.o(CL$$defsig) for __default_signal_handler
    defsig_general.o(.text) refers to sys_wrch.o(.text) for _ttywrch
    sys_wrch.o(.text) refers (Special) to use_no_semi.o(.text) for __I$use$semihosting
    sys_wrch.o(.text) refers (Special) to indicate_semi.o(.text) for __semihosting_library_function
    defsig.o(CL$$defsig) refers to defsig_rtmem_inner.o(.text) for __rt_SIGRTMEM_inner
    defsig_abrt_inner.o(.text) refers to defsig_general.o(.text) for __default_signal_display
    defsig_fpe_inner.o(.text) refers to defsig_general.o(.text) for __default_signal_display
    defsig_rtred_inner.o(.text) refers to defsig_general.o(.text) for __default_signal_display
    defsig_stak_inner.o(.text) refers to defsig_general.o(.text) for __default_signal_display
    defsig_pvfn_inner.o(.text) refers to defsig_general.o(.text) for __default_signal_display
    defsig_cppl_inner.o(.text) refers to defsig_general.o(.text) for __default_signal_display
    defsig_segv_inner.o(.text) refers to defsig_general.o(.text) for __default_signal_display
    defsig_other.o(.text) refers to defsig_general.o(.text) for __default_signal_display


==============================================================================

Removing Unused input sections from the image.

    Removing core_cm3.o(.emb_text), (32 bytes).
    Removing stm32f10x_i2c.o(.text), (1004 bytes).
    Removing stm32f10x_spi.o(.text), (780 bytes).
    Removing stm32f10x_adc.o(.text), (1084 bytes).
    Removing stm32f10x_dma.o(.text), (592 bytes).
    Removing stm32f10x_flash.o(.text), (1460 bytes).

6 unused section(s) (total 4952 bytes) removed from the image.

==============================================================================

Image Symbol Table

    Local Symbols

    Symbol Name                              Value     Ov Type        Size  Object(Section)

    ../clib/angel/boardlib.s                 0x00000000   Number         0  boardinit1.o ABSOLUTE
    ../clib/angel/boardlib.s                 0x00000000   Number         0  boardinit2.o ABSOLUTE
    ../clib/angel/boardlib.s                 0x00000000   Number         0  boardinit3.o ABSOLUTE
    ../clib/angel/boardlib.s                 0x00000000   Number         0  boardshut.o ABSOLUTE
    ../clib/angel/dclz77c.s                  0x00000000   Number         0  __dclz77c.o ABSOLUTE
    ../clib/angel/handlers.s                 0x00000000   Number         0  __scatter_zi.o ABSOLUTE
    ../clib/angel/kernel.s                   0x00000000   Number         0  rtentry4.o ABSOLUTE
    ../clib/angel/kernel.s                   0x00000000   Number         0  rtentry2.o ABSOLUTE
    ../clib/angel/kernel.s                   0x00000000   Number         0  rtexit2.o ABSOLUTE
    ../clib/angel/kernel.s                   0x00000000   Number         0  rtexit.o ABSOLUTE
    ../clib/angel/kernel.s                   0x00000000   Number         0  rtentry.o ABSOLUTE
    ../clib/angel/rt.s                       0x00000000   Number         0  rt_raise.o ABSOLUTE
    ../clib/angel/scatter.s                  0x00000000   Number         0  __scatter.o ABSOLUTE
    ../clib/angel/startup.s                  0x00000000   Number         0  __main.o ABSOLUTE
    ../clib/angel/sys.s                      0x00000000   Number         0  sys_stackheap_outer.o ABSOLUTE
    ../clib/angel/sys.s                      0x00000000   Number         0  indicate_semi.o ABSOLUTE
    ../clib/angel/sys.s                      0x00000000   Number         0  use_no_semi.o ABSOLUTE
    ../clib/angel/sys.s                      0x00000000   Number         0  libspace.o ABSOLUTE
    ../clib/angel/sysapp.c                   0x00000000   Number         0  sys_command.o ABSOLUTE
    ../clib/angel/sysapp.c                   0x00000000   Number         0  sys_wrch.o ABSOLUTE
    ../clib/angel/sysapp.c                   0x00000000   Number         0  sys_exit.o ABSOLUTE
    ../clib/armsys.c                         0x00000000   Number         0  _get_argv_nomalloc.o ABSOLUTE
    ../clib/armsys.c                         0x00000000   Number         0  no_argv.o ABSOLUTE
    ../clib/armsys.c                         0x00000000   Number         0  argv_veneer.o ABSOLUTE
    ../clib/armsys.c                         0x00000000   Number         0  argv_veneer.o ABSOLUTE
    ../clib/heapalloc.c                      0x00000000   Number         0  hrguard.o ABSOLUTE
    ../clib/heapaux.c                        0x00000000   Number         0  heapauxi.o ABSOLUTE
    ../clib/libinit.s                        0x00000000   Number         0  libshutdown.o ABSOLUTE
    ../clib/libinit.s                        0x00000000   Number         0  libinit2.o ABSOLUTE
    ../clib/libinit.s                        0x00000000   Number         0  libinit.o ABSOLUTE
    ../clib/libinit.s                        0x00000000   Number         0  libshutdown2.o ABSOLUTE
    ../clib/signal.c                         0x00000000   Number         0  defsig_other.o ABSOLUTE
    ../clib/signal.c                         0x00000000   Number         0  defsig_stak_inner.o ABSOLUTE
    ../clib/signal.c                         0x00000000   Number         0  defsig_exit.o ABSOLUTE
    ../clib/signal.c                         0x00000000   Number         0  defsig_rtmem_outer.o ABSOLUTE
    ../clib/signal.c                         0x00000000   Number         0  defsig_rtmem_formal.o ABSOLUTE
    ../clib/signal.c                         0x00000000   Number         0  defsig_cppl_inner.o ABSOLUTE
    ../clib/signal.c                         0x00000000   Number         0  __raise.o ABSOLUTE
    ../clib/signal.c                         0x00000000   Number         0  defsig_segv_inner.o ABSOLUTE
    ../clib/signal.c                         0x00000000   Number         0  defsig_rtred_inner.o ABSOLUTE
    ../clib/signal.c                         0x00000000   Number         0  defsig_fpe_inner.o ABSOLUTE
    ../clib/signal.c                         0x00000000   Number         0  defsig_abrt_inner.o ABSOLUTE
    ../clib/signal.c                         0x00000000   Number         0  defsig_general.o ABSOLUTE
    ../clib/signal.c                         0x00000000   Number         0  defsig_rtmem_inner.o ABSOLUTE
    ../clib/signal.c                         0x00000000   Number         0  defsig_pvfn_inner.o ABSOLUTE
    ../clib/signal.s                         0x00000000   Number         0  defsig.o ABSOLUTE
    ../clib/stdlib.c                         0x00000000   Number         0  exit.o ABSOLUTE
    ../fplib/d2f.s                           0x00000000   Number         0  d2f.o ABSOLUTE
    ../fplib/ddiv.s                          0x00000000   Number         0  ddiv.o ABSOLUTE
    ../fplib/dflt.s                          0x00000000   Number         0  dflt_clz.o ABSOLUTE
    ../fplib/dnaninf.s                       0x00000000   Number         0  dnaninf.o ABSOLUTE
    ../fplib/dretinf.s                       0x00000000   Number         0  dretinf.o ABSOLUTE
    ../fplib/f2d.s                           0x00000000   Number         0  f2d.o ABSOLUTE
    ../fplib/faddsub.s                       0x00000000   Number         0  faddsub_clz.o ABSOLUTE
    ../fplib/fcmpi.s                         0x00000000   Number         0  fcmpi.o ABSOLUTE
    ../fplib/feqf.s                          0x00000000   Number         0  feqf.o ABSOLUTE
    ../fplib/ffixu.s                         0x00000000   Number         0  ffixu.o ABSOLUTE
    ../fplib/fflt.s                          0x00000000   Number         0  fflt_clz.o ABSOLUTE
    ../fplib/fleqf.s                         0x00000000   Number         0  fleqf.o ABSOLUTE
    ../fplib/fmul.s                          0x00000000   Number         0  fmul.o ABSOLUTE
    ../fplib/fnaninf.s                       0x00000000   Number         0  fnaninf.o ABSOLUTE
    ../fplib/fpinit.s                        0x00000000   Number         0  fpinit.o ABSOLUTE
    ../fplib/fretinf.s                       0x00000000   Number         0  fretinf.o ABSOLUTE
    ../fplib/frleqf.s                        0x00000000   Number         0  frleqf.o ABSOLUTE
    ../fplib/usenofp.s                       0x00000000   Number         0  usenofp.o ABSOLUTE
    ..\BSP\servo_gpio\bsp_servo_gpio.c       0x00000000   Number         0  bsp_servo_gpio.o ABSOLUTE
    ..\BSP\systick\bsp_systick.c             0x00000000   Number         0  bsp_systick.o ABSOLUTE
    ..\BSP\tim2\bsp_tim2.c                   0x00000000   Number         0  bsp_tim2.o ABSOLUTE
    ..\BSP\usart1\bsp_usart1.c               0x00000000   Number         0  bsp_usart1.o ABSOLUTE
    ..\BSP\usart2\bsp_usart2.c               0x00000000   Number         0  bsp_usart2.o ABSOLUTE
    ..\CMSIS\CM3\CoreSupport\core_cm3.c      0x00000000   Number         0  core_cm3.o ABSOLUTE
    ..\CMSIS\CM3\DeviceSupport\ST\STM32F10x\system_stm32f10x.c 0x00000000   Number         0  system_stm32f10x.o ABSOLUTE
    ..\Libraries\src\misc.c                  0x00000000   Number         0  misc.o ABSOLUTE
    ..\Libraries\src\stm32f10x_adc.c         0x00000000   Number         0  stm32f10x_adc.o ABSOLUTE
    ..\Libraries\src\stm32f10x_dma.c         0x00000000   Number         0  stm32f10x_dma.o ABSOLUTE
    ..\Libraries\src\stm32f10x_flash.c       0x00000000   Number         0  stm32f10x_flash.o ABSOLUTE
    ..\Libraries\src\stm32f10x_gpio.c        0x00000000   Number         0  stm32f10x_gpio.o ABSOLUTE
    ..\Libraries\src\stm32f10x_i2c.c         0x00000000   Number         0  stm32f10x_i2c.o ABSOLUTE
    ..\Libraries\src\stm32f10x_rcc.c         0x00000000   Number         0  stm32f10x_rcc.o ABSOLUTE
    ..\Libraries\src\stm32f10x_spi.c         0x00000000   Number         0  stm32f10x_spi.o ABSOLUTE
    ..\Libraries\src\stm32f10x_tim.c         0x00000000   Number         0  stm32f10x_tim.o ABSOLUTE
    ..\Libraries\src\stm32f10x_usart.c       0x00000000   Number         0  stm32f10x_usart.o ABSOLUTE
    ..\Startup\startup_stm32f10x_hd.s        0x00000000   Number         0  startup_stm32f10x_hd.o ABSOLUTE
    ..\USER\analyze_action_group\analyze_action_group.c 0x00000000   Number         0  analyze_action_group.o ABSOLUTE
    ..\USER\execute_action_group\execute_action_group.c 0x00000000   Number         0  execute_action_group.o ABSOLUTE
    ..\USER\main.c                           0x00000000   Number         0  main.o ABSOLUTE
    ..\USER\modbus_agreement\modbus_agreement.c 0x00000000   Number         0  modbus_agreement.o ABSOLUTE
    ..\USER\servo_control\servo_control.c    0x00000000   Number         0  servo_control.o ABSOLUTE
    ..\USER\stm32f10x_it.c                   0x00000000   Number         0  stm32f10x_it.o ABSOLUTE
    ..\USER\system_init\system_init.c        0x00000000   Number         0  system_init.o ABSOLUTE
    ..\\CMSIS\\CM3\\CoreSupport\\core_cm3.c  0x00000000   Number         0  core_cm3.o ABSOLUTE
    dc.s                                     0x00000000   Number         0  dc.o ABSOLUTE
    RESET                                    0x08000000   Section      304  startup_stm32f10x_hd.o(RESET)
    !!!main                                  0x08000130   Section        8  __main.o(!!!main)
    !!!scatter                               0x08000138   Section       52  __scatter.o(!!!scatter)
    !!dclz77c                                0x0800016c   Section      100  __dclz77c.o(!!dclz77c)
    !!handler_zi                             0x080001d0   Section       28  __scatter_zi.o(!!handler_zi)
    .ARM.Collect$$libinit$$00000000          0x080001ec   Section        2  libinit.o(.ARM.Collect$$libinit$$00000000)
    .ARM.Collect$$libinit$$00000002          0x080001ee   Section        0  libinit2.o(.ARM.Collect$$libinit$$00000002)
    .ARM.Collect$$libinit$$00000008          0x080001ee   Section        0  libinit2.o(.ARM.Collect$$libinit$$00000008)
    .ARM.Collect$$libinit$$0000000A          0x080001ee   Section        0  libinit2.o(.ARM.Collect$$libinit$$0000000A)
    .ARM.Collect$$libinit$$0000000C          0x080001ee   Section        0  libinit2.o(.ARM.Collect$$libinit$$0000000C)
    .ARM.Collect$$libinit$$0000000F          0x080001ee   Section        0  libinit2.o(.ARM.Collect$$libinit$$0000000F)
    .ARM.Collect$$libinit$$00000011          0x080001ee   Section        0  libinit2.o(.ARM.Collect$$libinit$$00000011)
    .ARM.Collect$$libinit$$00000013          0x080001ee   Section        0  libinit2.o(.ARM.Collect$$libinit$$00000013)
    .ARM.Collect$$libinit$$00000015          0x080001ee   Section        0  libinit2.o(.ARM.Collect$$libinit$$00000015)
    .ARM.Collect$$libinit$$00000017          0x080001ee   Section        0  libinit2.o(.ARM.Collect$$libinit$$00000017)
    .ARM.Collect$$libinit$$00000019          0x080001ee   Section        0  libinit2.o(.ARM.Collect$$libinit$$00000019)
    .ARM.Collect$$libinit$$0000001B          0x080001ee   Section        0  libinit2.o(.ARM.Collect$$libinit$$0000001B)
    .ARM.Collect$$libinit$$0000001D          0x080001ee   Section        0  libinit2.o(.ARM.Collect$$libinit$$0000001D)
    .ARM.Collect$$libinit$$0000001F          0x080001ee   Section        0  libinit2.o(.ARM.Collect$$libinit$$0000001F)
    .ARM.Collect$$libinit$$00000021          0x080001ee   Section        0  libinit2.o(.ARM.Collect$$libinit$$00000021)
    .ARM.Collect$$libinit$$00000023          0x080001ee   Section        0  libinit2.o(.ARM.Collect$$libinit$$00000023)
    .ARM.Collect$$libinit$$0000002A          0x080001ee   Section        0  libinit2.o(.ARM.Collect$$libinit$$0000002A)
    .ARM.Collect$$libinit$$0000002C          0x080001ee   Section        0  libinit2.o(.ARM.Collect$$libinit$$0000002C)
    .ARM.Collect$$libinit$$0000002E          0x080001ee   Section        0  libinit2.o(.ARM.Collect$$libinit$$0000002E)
    .ARM.Collect$$libinit$$00000030          0x080001ee   Section        0  libinit2.o(.ARM.Collect$$libinit$$00000030)
    .ARM.Collect$$libinit$$00000031          0x080001ee   Section        2  libinit2.o(.ARM.Collect$$libinit$$00000031)
    .ARM.Collect$$libshutdown$$00000000      0x080001f0   Section        2  libshutdown.o(.ARM.Collect$$libshutdown$$00000000)
    .ARM.Collect$$libshutdown$$00000003      0x080001f2   Section        0  libshutdown2.o(.ARM.Collect$$libshutdown$$00000003)
    .ARM.Collect$$libshutdown$$00000006      0x080001f2   Section        0  libshutdown2.o(.ARM.Collect$$libshutdown$$00000006)
    .ARM.Collect$$libshutdown$$00000009      0x080001f2   Section        0  libshutdown2.o(.ARM.Collect$$libshutdown$$00000009)
    .ARM.Collect$$libshutdown$$0000000B      0x080001f2   Section        0  libshutdown2.o(.ARM.Collect$$libshutdown$$0000000B)
    .ARM.Collect$$libshutdown$$0000000E      0x080001f2   Section        0  libshutdown2.o(.ARM.Collect$$libshutdown$$0000000E)
    .ARM.Collect$$libshutdown$$0000000F      0x080001f2   Section        2  libshutdown2.o(.ARM.Collect$$libshutdown$$0000000F)
    .ARM.Collect$$rtentry$$00000000          0x080001f4   Section        0  rtentry.o(.ARM.Collect$$rtentry$$00000000)
    .ARM.Collect$$rtentry$$00000002          0x080001f4   Section        0  rtentry2.o(.ARM.Collect$$rtentry$$00000002)
    .ARM.Collect$$rtentry$$00000004          0x080001f4   Section        6  rtentry4.o(.ARM.Collect$$rtentry$$00000004)
    .ARM.Collect$$rtentry$$00000009          0x080001fa   Section        0  rtentry2.o(.ARM.Collect$$rtentry$$00000009)
    .ARM.Collect$$rtentry$$0000000A          0x080001fa   Section        4  rtentry2.o(.ARM.Collect$$rtentry$$0000000A)
    .ARM.Collect$$rtentry$$0000000C          0x080001fe   Section        0  rtentry2.o(.ARM.Collect$$rtentry$$0000000C)
    .ARM.Collect$$rtentry$$0000000D          0x080001fe   Section        8  rtentry2.o(.ARM.Collect$$rtentry$$0000000D)
    .ARM.Collect$$rtexit$$00000000           0x08000206   Section        2  rtexit.o(.ARM.Collect$$rtexit$$00000000)
    .ARM.Collect$$rtexit$$00000002           0x08000208   Section        0  rtexit2.o(.ARM.Collect$$rtexit$$00000002)
    .ARM.Collect$$rtexit$$00000003           0x08000208   Section        4  rtexit2.o(.ARM.Collect$$rtexit$$00000003)
    .ARM.Collect$$rtexit$$00000004           0x0800020c   Section        6  rtexit2.o(.ARM.Collect$$rtexit$$00000004)
    .text                                    0x08000212   Section        0  stm32f10x_it.o(.text)
    .text                                    0x0800022c   Section        0  main.o(.text)
    .text                                    0x0800026c   Section        0  servo_control.o(.text)
    .text                                    0x08000470   Section        0  analyze_action_group.o(.text)
    .text                                    0x08000644   Section        0  execute_action_group.o(.text)
    .text                                    0x08000724   Section        0  modbus_agreement.o(.text)
    .text                                    0x0800086c   Section        0  system_init.o(.text)
    .text                                    0x08000890   Section        0  system_stm32f10x.o(.text)
    SetSysClockTo72                          0x08000891   Thumb Code   192  system_stm32f10x.o(.text)
    SetSysClock                              0x08000951   Thumb Code     8  system_stm32f10x.o(.text)
    .text                                    0x08000a58   Section        0  stm32f10x_gpio.o(.text)
    .text                                    0x08000db0   Section        0  stm32f10x_rcc.o(.text)
    .text                                    0x0800114c   Section        0  misc.o(.text)
    .text                                    0x08001228   Section        0  stm32f10x_usart.o(.text)
    .text                                    0x08001630   Section        0  stm32f10x_tim.o(.text)
    TI4_Config                               0x08001ad7   Thumb Code   130  stm32f10x_tim.o(.text)
    TI3_Config                               0x08001b6b   Thumb Code   122  stm32f10x_tim.o(.text)
    TI2_Config                               0x08001bff   Thumb Code   130  stm32f10x_tim.o(.text)
    TI1_Config                               0x08001c93   Thumb Code   108  stm32f10x_tim.o(.text)
    .text                                    0x0800244c   Section       64  startup_stm32f10x_hd.o(.text)
    .text                                    0x0800248c   Section        0  bsp_servo_gpio.o(.text)
    .text                                    0x080024e4   Section        0  bsp_systick.o(.text)
    SysTick_Config                           0x080024e5   Thumb Code    76  bsp_systick.o(.text)
    .text                                    0x080025a4   Section        0  bsp_usart1.o(.text)
    NVIC_Configuration                       0x080025a5   Thumb Code    42  bsp_usart1.o(.text)
    .text                                    0x080026ac   Section        0  bsp_tim2.o(.text)
    .text                                    0x0800275c   Section        0  bsp_usart2.o(.text)
    USART2_NVIC_Configuration                0x0800275d   Thumb Code    40  bsp_usart2.o(.text)
    .text                                    0x080028f4   Section        0  heapauxi.o(.text)
    .text                                    0x080028fa   Section       74  sys_stackheap_outer.o(.text)
    .text                                    0x08002944   Section        0  exit.o(.text)
    .text                                    0x08002950   Section        8  libspace.o(.text)
    .text                                    0x08002958   Section        0  sys_exit.o(.text)
    .text                                    0x08002964   Section        2  use_no_semi.o(.text)
    .text                                    0x08002966   Section        0  indicate_semi.o(.text)
    x$fpl$d2f                                0x08002968   Section       98  d2f.o(x$fpl$d2f)
    x$fpl$ddiv                               0x080029cc   Section      688  ddiv.o(x$fpl$ddiv)
    ddiv_entry                               0x080029d3   Thumb Code     0  ddiv.o(x$fpl$ddiv)
    x$fpl$dfltu                              0x08002c7c   Section       38  dflt_clz.o(x$fpl$dfltu)
    x$fpl$dnaninf                            0x08002ca2   Section      156  dnaninf.o(x$fpl$dnaninf)
    x$fpl$dretinf                            0x08002d3e   Section       12  dretinf.o(x$fpl$dretinf)
    x$fpl$f2d                                0x08002d4c   Section       86  f2d.o(x$fpl$f2d)
    x$fpl$fadd                               0x08002da4   Section      196  faddsub_clz.o(x$fpl$fadd)
    _fadd1                                   0x08002db3   Thumb Code     0  faddsub_clz.o(x$fpl$fadd)
    x$fpl$fcmpinf                            0x08002e68   Section       24  fcmpi.o(x$fpl$fcmpinf)
    x$fpl$feqf                               0x08002e80   Section      104  feqf.o(x$fpl$feqf)
    x$fpl$ffixu                              0x08002ee8   Section       62  ffixu.o(x$fpl$ffixu)
    x$fpl$ffltu                              0x08002f28   Section       38  fflt_clz.o(x$fpl$ffltu)
    x$fpl$fleqf                              0x08002f50   Section      104  fleqf.o(x$fpl$fleqf)
    x$fpl$fmul                               0x08002fb8   Section      258  fmul.o(x$fpl$fmul)
    x$fpl$fnaninf                            0x080030ba   Section      140  fnaninf.o(x$fpl$fnaninf)
    x$fpl$fretinf                            0x08003146   Section       10  fretinf.o(x$fpl$fretinf)
    x$fpl$frleqf                             0x08003150   Section       98  frleqf.o(x$fpl$frleqf)
    x$fpl$fsub                               0x080031b4   Section      234  faddsub_clz.o(x$fpl$fsub)
    _fsub1                                   0x080031c3   Thumb Code     0  faddsub_clz.o(x$fpl$fsub)
    x$fpl$usenofp                            0x0800329e   Section        0  usenofp.o(x$fpl$usenofp)
    .data                                    0x20000000   Section        1  servo_control.o(.data)
    .data                                    0x20000001   Section     1695  analyze_action_group.o(.data)
    .data                                    0x200006a0   Section        2  modbus_agreement.o(.data)
    .data                                    0x200006a4   Section       20  system_stm32f10x.o(.data)
    .data                                    0x200006b8   Section       20  stm32f10x_rcc.o(.data)
    APBAHBPrescTable                         0x200006b8   Data          16  stm32f10x_rcc.o(.data)
    ADCPrescTable                            0x200006c8   Data           4  stm32f10x_rcc.o(.data)
    .data                                    0x200006cc   Section        1  bsp_tim2.o(.data)
    .data                                    0x200006ce   Section        4  bsp_usart2.o(.data)
    .bss                                     0x200006d4   Section       60  servo_control.o(.bss)
    .bss                                     0x20000710   Section       50  modbus_agreement.o(.bss)
    .bss                                     0x20000742   Section       10  bsp_usart2.o(.bss)
    .bss                                     0x2000074c   Section       96  libspace.o(.bss)
    HEAP                                     0x200007b0   Section      512  startup_stm32f10x_hd.o(HEAP)
    Heap_Mem                                 0x200007b0   Data         512  startup_stm32f10x_hd.o(HEAP)
    STACK                                    0x200009b0   Section     1024  startup_stm32f10x_hd.o(STACK)
    Stack_Mem                                0x200009b0   Data        1024  startup_stm32f10x_hd.o(STACK)
    __initial_sp                             0x20000db0   Data           0  startup_stm32f10x_hd.o(STACK)

    Global Symbols

    Symbol Name                              Value     Ov Type        Size  Object(Section)

    BuildAttributes$$THM_ISAv4$P$D$K$B$S$PE$A:L22UL41UL21$X:L11$S22US41US21$IEEE1$IW$USESV6$~STKCKD$USESV7$~SHL$OSPACE$ROPI$EBA8$UX$STANDARDLIB$REQ8$PRES8$EABIv2 0x00000000   Number         0  anon$$obj.o ABSOLUTE
    __ARM_use_no_argv                        0x00000000   Number         0  main.o ABSOLUTE
    __ARM_exceptions_init                     - Undefined Weak Reference
    __alloca_initialize                       - Undefined Weak Reference
    __cpp_initialize__aeabi_                  - Undefined Weak Reference
    __cxa_finalize                            - Undefined Weak Reference
    __rt_locale                               - Undefined Weak Reference
    __sigvec_lookup                           - Undefined Weak Reference
    _atexit_init                              - Undefined Weak Reference
    _call_atexit_fns                          - Undefined Weak Reference
    _clock_init                               - Undefined Weak Reference
    _fp_trap_init                             - Undefined Weak Reference
    _fp_trap_shutdown                         - Undefined Weak Reference
    _get_lc_collate                           - Undefined Weak Reference
    _get_lc_ctype                             - Undefined Weak Reference
    _get_lc_monetary                          - Undefined Weak Reference
    _get_lc_numeric                           - Undefined Weak Reference
    _get_lc_time                              - Undefined Weak Reference
    _getenv_init                              - Undefined Weak Reference
    _handle_redirection                       - Undefined Weak Reference
    _init_alloc                               - Undefined Weak Reference
    _init_user_alloc                          - Undefined Weak Reference
    _initio                                   - Undefined Weak Reference
    _rand_init                                - Undefined Weak Reference
    _signal_finish                            - Undefined Weak Reference
    _signal_init                              - Undefined Weak Reference
    _terminate_alloc                          - Undefined Weak Reference
    _terminate_user_alloc                     - Undefined Weak Reference
    _terminateio                              - Undefined Weak Reference
    __Vectors_Size                           0x00000130   Number         0  startup_stm32f10x_hd.o ABSOLUTE
    __Vectors                                0x08000000   Data           4  startup_stm32f10x_hd.o(RESET)
    __Vectors_End                            0x08000130   Data           0  startup_stm32f10x_hd.o(RESET)
    __main                                   0x08000131   Thumb Code     8  __main.o(!!!main)
    __scatterload                            0x08000139   Thumb Code     0  __scatter.o(!!!scatter)
    __scatterload_rt2                        0x08000139   Thumb Code    44  __scatter.o(!!!scatter)
    __scatterload_rt2_thumb_only             0x08000139   Thumb Code     0  __scatter.o(!!!scatter)
    __scatterload_null                       0x08000147   Thumb Code     0  __scatter.o(!!!scatter)
    __decompress                             0x0800016d   Thumb Code   100  __dclz77c.o(!!dclz77c)
    __decompress2                            0x0800016d   Thumb Code     0  __dclz77c.o(!!dclz77c)
    __scatterload_zeroinit                   0x080001d1   Thumb Code    28  __scatter_zi.o(!!handler_zi)
    __rt_lib_init                            0x080001ed   Thumb Code     0  libinit.o(.ARM.Collect$$libinit$$00000000)
    __rt_lib_init_alloca_1                   0x080001ef   Thumb Code     0  libinit2.o(.ARM.Collect$$libinit$$0000002C)
    __rt_lib_init_argv_1                     0x080001ef   Thumb Code     0  libinit2.o(.ARM.Collect$$libinit$$0000002A)
    __rt_lib_init_atexit_1                   0x080001ef   Thumb Code     0  libinit2.o(.ARM.Collect$$libinit$$00000019)
    __rt_lib_init_clock_1                    0x080001ef   Thumb Code     0  libinit2.o(.ARM.Collect$$libinit$$0000001F)
    __rt_lib_init_cpp_1                      0x080001ef   Thumb Code     0  libinit2.o(.ARM.Collect$$libinit$$00000030)
    __rt_lib_init_exceptions_1               0x080001ef   Thumb Code     0  libinit2.o(.ARM.Collect$$libinit$$0000002E)
    __rt_lib_init_fp_1                       0x080001ef   Thumb Code     0  libinit2.o(.ARM.Collect$$libinit$$00000002)
    __rt_lib_init_fp_trap_1                  0x080001ef   Thumb Code     0  libinit2.o(.ARM.Collect$$libinit$$0000001D)
    __rt_lib_init_getenv_1                   0x080001ef   Thumb Code     0  libinit2.o(.ARM.Collect$$libinit$$00000021)
    __rt_lib_init_heap_1                     0x080001ef   Thumb Code     0  libinit2.o(.ARM.Collect$$libinit$$00000008)
    __rt_lib_init_lc_collate_1               0x080001ef   Thumb Code     0  libinit2.o(.ARM.Collect$$libinit$$0000000F)
    __rt_lib_init_lc_ctype_1                 0x080001ef   Thumb Code     0  libinit2.o(.ARM.Collect$$libinit$$00000011)
    __rt_lib_init_lc_monetary_1              0x080001ef   Thumb Code     0  libinit2.o(.ARM.Collect$$libinit$$00000013)
    __rt_lib_init_lc_numeric_1               0x080001ef   Thumb Code     0  libinit2.o(.ARM.Collect$$libinit$$00000015)
    __rt_lib_init_lc_time_1                  0x080001ef   Thumb Code     0  libinit2.o(.ARM.Collect$$libinit$$00000017)
    __rt_lib_init_rand_1                     0x080001ef   Thumb Code     0  libinit2.o(.ARM.Collect$$libinit$$0000000C)
    __rt_lib_init_return                     0x080001ef   Thumb Code     0  libinit2.o(.ARM.Collect$$libinit$$00000031)
    __rt_lib_init_signal_1                   0x080001ef   Thumb Code     0  libinit2.o(.ARM.Collect$$libinit$$0000001B)
    __rt_lib_init_stdio_1                    0x080001ef   Thumb Code     0  libinit2.o(.ARM.Collect$$libinit$$00000023)
    __rt_lib_init_user_alloc_1               0x080001ef   Thumb Code     0  libinit2.o(.ARM.Collect$$libinit$$0000000A)
    __rt_lib_shutdown                        0x080001f1   Thumb Code     0  libshutdown.o(.ARM.Collect$$libshutdown$$00000000)
    __rt_lib_shutdown_fp_trap_1              0x080001f3   Thumb Code     0  libshutdown2.o(.ARM.Collect$$libshutdown$$00000006)
    __rt_lib_shutdown_heap_1                 0x080001f3   Thumb Code     0  libshutdown2.o(.ARM.Collect$$libshutdown$$0000000E)
    __rt_lib_shutdown_return                 0x080001f3   Thumb Code     0  libshutdown2.o(.ARM.Collect$$libshutdown$$0000000F)
    __rt_lib_shutdown_signal_1               0x080001f3   Thumb Code     0  libshutdown2.o(.ARM.Collect$$libshutdown$$00000009)
    __rt_lib_shutdown_stdio_1                0x080001f3   Thumb Code     0  libshutdown2.o(.ARM.Collect$$libshutdown$$00000003)
    __rt_lib_shutdown_user_alloc_1           0x080001f3   Thumb Code     0  libshutdown2.o(.ARM.Collect$$libshutdown$$0000000B)
    __rt_entry                               0x080001f5   Thumb Code     0  rtentry.o(.ARM.Collect$$rtentry$$00000000)
    __rt_entry_presh_1                       0x080001f5   Thumb Code     0  rtentry2.o(.ARM.Collect$$rtentry$$00000002)
    __rt_entry_sh                            0x080001f5   Thumb Code     0  rtentry4.o(.ARM.Collect$$rtentry$$00000004)
    __rt_entry_li                            0x080001fb   Thumb Code     0  rtentry2.o(.ARM.Collect$$rtentry$$0000000A)
    __rt_entry_postsh_1                      0x080001fb   Thumb Code     0  rtentry2.o(.ARM.Collect$$rtentry$$00000009)
    __rt_entry_main                          0x080001ff   Thumb Code     0  rtentry2.o(.ARM.Collect$$rtentry$$0000000D)
    __rt_entry_postli_1                      0x080001ff   Thumb Code     0  rtentry2.o(.ARM.Collect$$rtentry$$0000000C)
    __rt_exit                                0x08000207   Thumb Code     0  rtexit.o(.ARM.Collect$$rtexit$$00000000)
    __rt_exit_ls                             0x08000209   Thumb Code     0  rtexit2.o(.ARM.Collect$$rtexit$$00000003)
    __rt_exit_prels_1                        0x08000209   Thumb Code     0  rtexit2.o(.ARM.Collect$$rtexit$$00000002)
    __rt_exit_exit                           0x0800020d   Thumb Code     0  rtexit2.o(.ARM.Collect$$rtexit$$00000004)
    NMI_Handler                              0x08000213   Thumb Code     2  stm32f10x_it.o(.text)
    HardFault_Handler                        0x08000215   Thumb Code     4  stm32f10x_it.o(.text)
    MemManage_Handler                        0x08000219   Thumb Code     4  stm32f10x_it.o(.text)
    BusFault_Handler                         0x0800021d   Thumb Code     4  stm32f10x_it.o(.text)
    UsageFault_Handler                       0x08000221   Thumb Code     4  stm32f10x_it.o(.text)
    SVC_Handler                              0x08000225   Thumb Code     2  stm32f10x_it.o(.text)
    DebugMon_Handler                         0x08000227   Thumb Code     2  stm32f10x_it.o(.text)
    PendSV_Handler                           0x08000229   Thumb Code     2  stm32f10x_it.o(.text)
    SysTick_Handler                          0x0800022b   Thumb Code     2  stm32f10x_it.o(.text)
    main                                     0x0800022d   Thumb Code    54  main.o(.text)
    Servo_Pulse_Width_Init                   0x0800026d   Thumb Code    40  servo_control.o(.text)
    Servo_Pin_Set                            0x08000295   Thumb Code    30  servo_control.o(.text)
    Servo_IO_Set                             0x080002b3   Thumb Code    90  servo_control.o(.text)
    Abs_Float                                0x0800030d   Thumb Code    24  servo_control.o(.text)
    Servo_Pulse_Width_Increment_Apply        0x08000325   Thumb Code   186  servo_control.o(.text)
    Servo_Pulse_Width_Control                0x080003df   Thumb Code   120  servo_control.o(.text)
    Analyze_Action_Group                     0x08000471   Thumb Code   460  analyze_action_group.o(.text)
    Curl_Up_Action                           0x08000645   Thumb Code    10  execute_action_group.o(.text)
    Grab_Material_Action                     0x0800064f   Thumb Code    22  execute_action_group.o(.text)
    Left_Place_Action                        0x08000665   Thumb Code    22  execute_action_group.o(.text)
    Right_Place_Action                       0x0800067b   Thumb Code    22  execute_action_group.o(.text)
    Execute_Action                           0x08000691   Thumb Code   106  execute_action_group.o(.text)
    Data_Clean                               0x08000725   Thumb Code    34  modbus_agreement.o(.text)
    CRC_16                                   0x08000747   Thumb Code    72  modbus_agreement.o(.text)
    RTU_Pack_Data                            0x0800078f   Thumb Code   104  modbus_agreement.o(.text)
    RTU_Data_Analysis                        0x080007f7   Thumb Code   108  modbus_agreement.o(.text)
    System_Init                              0x0800086d   Thumb Code    36  system_init.o(.text)
    SystemInit                               0x08000959   Thumb Code    78  system_stm32f10x.o(.text)
    SystemCoreClockUpdate                    0x080009a7   Thumb Code   142  system_stm32f10x.o(.text)
    GPIO_DeInit                              0x08000a59   Thumb Code   172  stm32f10x_gpio.o(.text)
    GPIO_AFIODeInit                          0x08000b05   Thumb Code    20  stm32f10x_gpio.o(.text)
    GPIO_Init                                0x08000b19   Thumb Code   274  stm32f10x_gpio.o(.text)
    GPIO_StructInit                          0x08000c2b   Thumb Code    16  stm32f10x_gpio.o(.text)
    GPIO_ReadInputDataBit                    0x08000c3b   Thumb Code    18  stm32f10x_gpio.o(.text)
    GPIO_ReadInputData                       0x08000c4d   Thumb Code     8  stm32f10x_gpio.o(.text)
    GPIO_ReadOutputDataBit                   0x08000c55   Thumb Code    18  stm32f10x_gpio.o(.text)
    GPIO_ReadOutputData                      0x08000c67   Thumb Code     8  stm32f10x_gpio.o(.text)
    GPIO_SetBits                             0x08000c6f   Thumb Code     4  stm32f10x_gpio.o(.text)
    GPIO_ResetBits                           0x08000c73   Thumb Code     4  stm32f10x_gpio.o(.text)
    GPIO_WriteBit                            0x08000c77   Thumb Code    10  stm32f10x_gpio.o(.text)
    GPIO_Write                               0x08000c81   Thumb Code     4  stm32f10x_gpio.o(.text)
    GPIO_PinLockConfig                       0x08000c85   Thumb Code    18  stm32f10x_gpio.o(.text)
    GPIO_EventOutputConfig                   0x08000c97   Thumb Code    26  stm32f10x_gpio.o(.text)
    GPIO_EventOutputCmd                      0x08000cb1   Thumb Code     6  stm32f10x_gpio.o(.text)
    GPIO_PinRemapConfig                      0x08000cb7   Thumb Code   138  stm32f10x_gpio.o(.text)
    GPIO_EXTILineConfig                      0x08000d41   Thumb Code    66  stm32f10x_gpio.o(.text)
    GPIO_ETH_MediaInterfaceConfig            0x08000d83   Thumb Code     6  stm32f10x_gpio.o(.text)
    RCC_DeInit                               0x08000db1   Thumb Code    64  stm32f10x_rcc.o(.text)
    RCC_HSEConfig                            0x08000df1   Thumb Code    70  stm32f10x_rcc.o(.text)
    RCC_GetFlagStatus                        0x08000e37   Thumb Code    56  stm32f10x_rcc.o(.text)
    RCC_WaitForHSEStartUp                    0x08000e6f   Thumb Code    48  stm32f10x_rcc.o(.text)
    RCC_AdjustHSICalibrationValue            0x08000e9f   Thumb Code    20  stm32f10x_rcc.o(.text)
    RCC_HSICmd                               0x08000eb3   Thumb Code     6  stm32f10x_rcc.o(.text)
    RCC_PLLConfig                            0x08000eb9   Thumb Code    24  stm32f10x_rcc.o(.text)
    RCC_PLLCmd                               0x08000ed1   Thumb Code     6  stm32f10x_rcc.o(.text)
    RCC_SYSCLKConfig                         0x08000ed7   Thumb Code    18  stm32f10x_rcc.o(.text)
    RCC_GetSYSCLKSource                      0x08000ee9   Thumb Code    10  stm32f10x_rcc.o(.text)
    RCC_HCLKConfig                           0x08000ef3   Thumb Code    18  stm32f10x_rcc.o(.text)
    RCC_PCLK1Config                          0x08000f05   Thumb Code    18  stm32f10x_rcc.o(.text)
    RCC_PCLK2Config                          0x08000f17   Thumb Code    20  stm32f10x_rcc.o(.text)
    RCC_ITConfig                             0x08000f2b   Thumb Code    26  stm32f10x_rcc.o(.text)
    RCC_USBCLKConfig                         0x08000f45   Thumb Code     6  stm32f10x_rcc.o(.text)
    RCC_ADCCLKConfig                         0x08000f4b   Thumb Code    18  stm32f10x_rcc.o(.text)
    RCC_LSEConfig                            0x08000f5d   Thumb Code    44  stm32f10x_rcc.o(.text)
    RCC_LSICmd                               0x08000f89   Thumb Code     6  stm32f10x_rcc.o(.text)
    RCC_RTCCLKConfig                         0x08000f8f   Thumb Code    12  stm32f10x_rcc.o(.text)
    RCC_RTCCLKCmd                            0x08000f9b   Thumb Code     8  stm32f10x_rcc.o(.text)
    RCC_GetClocksFreq                        0x08000fa3   Thumb Code   192  stm32f10x_rcc.o(.text)
    RCC_AHBPeriphClockCmd                    0x08001063   Thumb Code    26  stm32f10x_rcc.o(.text)
    RCC_APB2PeriphClockCmd                   0x0800107d   Thumb Code    26  stm32f10x_rcc.o(.text)
    RCC_APB1PeriphClockCmd                   0x08001097   Thumb Code    26  stm32f10x_rcc.o(.text)
    RCC_APB2PeriphResetCmd                   0x080010b1   Thumb Code    26  stm32f10x_rcc.o(.text)
    RCC_APB1PeriphResetCmd                   0x080010cb   Thumb Code    26  stm32f10x_rcc.o(.text)
    RCC_BackupResetCmd                       0x080010e5   Thumb Code     8  stm32f10x_rcc.o(.text)
    RCC_ClockSecuritySystemCmd               0x080010ed   Thumb Code     6  stm32f10x_rcc.o(.text)
    RCC_MCOConfig                            0x080010f3   Thumb Code     6  stm32f10x_rcc.o(.text)
    RCC_ClearFlag                            0x080010f9   Thumb Code    14  stm32f10x_rcc.o(.text)
    RCC_GetITStatus                          0x08001107   Thumb Code    20  stm32f10x_rcc.o(.text)
    RCC_ClearITPendingBit                    0x0800111b   Thumb Code     6  stm32f10x_rcc.o(.text)
    NVIC_PriorityGroupConfig                 0x0800114d   Thumb Code    10  misc.o(.text)
    NVIC_Init                                0x08001157   Thumb Code   102  misc.o(.text)
    NVIC_SetVectorTable                      0x080011bd   Thumb Code    14  misc.o(.text)
    NVIC_SystemLPConfig                      0x080011cb   Thumb Code    34  misc.o(.text)
    SysTick_CLKSourceConfig                  0x080011ed   Thumb Code    40  misc.o(.text)
    USART_DeInit                             0x08001229   Thumb Code   134  stm32f10x_usart.o(.text)
    USART_Init                               0x080012af   Thumb Code   210  stm32f10x_usart.o(.text)
    USART_StructInit                         0x08001381   Thumb Code    24  stm32f10x_usart.o(.text)
    USART_ClockInit                          0x08001399   Thumb Code    34  stm32f10x_usart.o(.text)
    USART_ClockStructInit                    0x080013bb   Thumb Code    12  stm32f10x_usart.o(.text)
    USART_Cmd                                0x080013c7   Thumb Code    24  stm32f10x_usart.o(.text)
    USART_ITConfig                           0x080013df   Thumb Code    74  stm32f10x_usart.o(.text)
    USART_DMACmd                             0x08001429   Thumb Code    18  stm32f10x_usart.o(.text)
    USART_SetAddress                         0x0800143b   Thumb Code    18  stm32f10x_usart.o(.text)
    USART_WakeUpConfig                       0x0800144d   Thumb Code    18  stm32f10x_usart.o(.text)
    USART_ReceiverWakeUpCmd                  0x0800145f   Thumb Code    24  stm32f10x_usart.o(.text)
    USART_LINBreakDetectLengthConfig         0x08001477   Thumb Code    18  stm32f10x_usart.o(.text)
    USART_LINCmd                             0x08001489   Thumb Code    24  stm32f10x_usart.o(.text)
    USART_SendData                           0x080014a1   Thumb Code     8  stm32f10x_usart.o(.text)
    USART_ReceiveData                        0x080014a9   Thumb Code    10  stm32f10x_usart.o(.text)
    USART_SendBreak                          0x080014b3   Thumb Code    10  stm32f10x_usart.o(.text)
    USART_SetGuardTime                       0x080014bd   Thumb Code    16  stm32f10x_usart.o(.text)
    USART_SetPrescaler                       0x080014cd   Thumb Code    16  stm32f10x_usart.o(.text)
    USART_SmartCardCmd                       0x080014dd   Thumb Code    24  stm32f10x_usart.o(.text)
    USART_SmartCardNACKCmd                   0x080014f5   Thumb Code    24  stm32f10x_usart.o(.text)
    USART_HalfDuplexCmd                      0x0800150d   Thumb Code    24  stm32f10x_usart.o(.text)
    USART_OverSampling8Cmd                   0x08001525   Thumb Code    22  stm32f10x_usart.o(.text)
    USART_OneBitMethodCmd                    0x0800153b   Thumb Code    24  stm32f10x_usart.o(.text)
    USART_IrDAConfig                         0x08001553   Thumb Code    18  stm32f10x_usart.o(.text)
    USART_IrDACmd                            0x08001565   Thumb Code    24  stm32f10x_usart.o(.text)
    USART_GetFlagStatus                      0x0800157d   Thumb Code    26  stm32f10x_usart.o(.text)
    USART_ClearFlag                          0x08001597   Thumb Code    18  stm32f10x_usart.o(.text)
    USART_GetITStatus                        0x080015a9   Thumb Code    84  stm32f10x_usart.o(.text)
    USART_ClearITPendingBit                  0x080015fd   Thumb Code    52  stm32f10x_usart.o(.text)
    TIM_DeInit                               0x08001631   Thumb Code   424  stm32f10x_tim.o(.text)
    TIM_TimeBaseInit                         0x080017d9   Thumb Code   122  stm32f10x_tim.o(.text)
    TIM_OC1Init                              0x08001853   Thumb Code   132  stm32f10x_tim.o(.text)
    TIM_OC2Init                              0x080018d7   Thumb Code   154  stm32f10x_tim.o(.text)
    TIM_OC3Init                              0x08001971   Thumb Code   150  stm32f10x_tim.o(.text)
    TIM_OC4Init                              0x08001a07   Thumb Code   182  stm32f10x_tim.o(.text)
    TIM_SetIC4Prescaler                      0x08001abd   Thumb Code    26  stm32f10x_tim.o(.text)
    TIM_SetIC3Prescaler                      0x08001b59   Thumb Code    18  stm32f10x_tim.o(.text)
    TIM_SetIC2Prescaler                      0x08001be5   Thumb Code    26  stm32f10x_tim.o(.text)
    TIM_SetIC1Prescaler                      0x08001c81   Thumb Code    18  stm32f10x_tim.o(.text)
    TIM_ICInit                               0x08001cff   Thumb Code   150  stm32f10x_tim.o(.text)
    TIM_PWMIConfig                           0x08001d95   Thumb Code   124  stm32f10x_tim.o(.text)
    TIM_BDTRConfig                           0x08001e11   Thumb Code    32  stm32f10x_tim.o(.text)
    TIM_TimeBaseStructInit                   0x08001e31   Thumb Code    18  stm32f10x_tim.o(.text)
    TIM_OCStructInit                         0x08001e43   Thumb Code    20  stm32f10x_tim.o(.text)
    TIM_ICStructInit                         0x08001e57   Thumb Code    18  stm32f10x_tim.o(.text)
    TIM_BDTRStructInit                       0x08001e69   Thumb Code    40  stm32f10x_tim.o(.text)
    TIM_Cmd                                  0x08001e91   Thumb Code    24  stm32f10x_tim.o(.text)
    TIM_CtrlPWMOutputs                       0x08001ea9   Thumb Code    30  stm32f10x_tim.o(.text)
    TIM_ITConfig                             0x08001ec7   Thumb Code    18  stm32f10x_tim.o(.text)
    TIM_GenerateEvent                        0x08001ed9   Thumb Code     4  stm32f10x_tim.o(.text)
    TIM_DMAConfig                            0x08001edd   Thumb Code    10  stm32f10x_tim.o(.text)
    TIM_DMACmd                               0x08001ee7   Thumb Code    18  stm32f10x_tim.o(.text)
    TIM_InternalClockConfig                  0x08001ef9   Thumb Code    12  stm32f10x_tim.o(.text)
    TIM_SelectInputTrigger                   0x08001f05   Thumb Code    18  stm32f10x_tim.o(.text)
    TIM_ITRxExternalClockConfig              0x08001f17   Thumb Code    24  stm32f10x_tim.o(.text)
    TIM_TIxExternalClockConfig               0x08001f2f   Thumb Code    62  stm32f10x_tim.o(.text)
    TIM_ETRConfig                            0x08001f6d   Thumb Code    28  stm32f10x_tim.o(.text)
    TIM_ETRClockMode1Config                  0x08001f89   Thumb Code    54  stm32f10x_tim.o(.text)
    TIM_ETRClockMode2Config                  0x08001fbf   Thumb Code    32  stm32f10x_tim.o(.text)
    TIM_PrescalerConfig                      0x08001fdf   Thumb Code     6  stm32f10x_tim.o(.text)
    TIM_CounterModeConfig                    0x08001fe5   Thumb Code    18  stm32f10x_tim.o(.text)
    TIM_EncoderInterfaceConfig               0x08001ff7   Thumb Code    66  stm32f10x_tim.o(.text)
    TIM_ForcedOC1Config                      0x08002039   Thumb Code    18  stm32f10x_tim.o(.text)
    TIM_ForcedOC2Config                      0x0800204b   Thumb Code    26  stm32f10x_tim.o(.text)
    TIM_ForcedOC3Config                      0x08002065   Thumb Code    18  stm32f10x_tim.o(.text)
    TIM_ForcedOC4Config                      0x08002077   Thumb Code    26  stm32f10x_tim.o(.text)
    TIM_ARRPreloadConfig                     0x08002091   Thumb Code    24  stm32f10x_tim.o(.text)
    TIM_SelectCOM                            0x080020a9   Thumb Code    24  stm32f10x_tim.o(.text)
    TIM_SelectCCDMA                          0x080020c1   Thumb Code    24  stm32f10x_tim.o(.text)
    TIM_CCPreloadControl                     0x080020d9   Thumb Code    24  stm32f10x_tim.o(.text)
    TIM_OC1PreloadConfig                     0x080020f1   Thumb Code    18  stm32f10x_tim.o(.text)
    TIM_OC2PreloadConfig                     0x08002103   Thumb Code    26  stm32f10x_tim.o(.text)
    TIM_OC3PreloadConfig                     0x0800211d   Thumb Code    18  stm32f10x_tim.o(.text)
    TIM_OC4PreloadConfig                     0x0800212f   Thumb Code    26  stm32f10x_tim.o(.text)
    TIM_OC1FastConfig                        0x08002149   Thumb Code    18  stm32f10x_tim.o(.text)
    TIM_OC2FastConfig                        0x0800215b   Thumb Code    26  stm32f10x_tim.o(.text)
    TIM_OC3FastConfig                        0x08002175   Thumb Code    18  stm32f10x_tim.o(.text)
    TIM_OC4FastConfig                        0x08002187   Thumb Code    26  stm32f10x_tim.o(.text)
    TIM_ClearOC1Ref                          0x080021a1   Thumb Code    18  stm32f10x_tim.o(.text)
    TIM_ClearOC2Ref                          0x080021b3   Thumb Code    24  stm32f10x_tim.o(.text)
    TIM_ClearOC3Ref                          0x080021cb   Thumb Code    18  stm32f10x_tim.o(.text)
    TIM_ClearOC4Ref                          0x080021dd   Thumb Code    24  stm32f10x_tim.o(.text)
    TIM_OC1PolarityConfig                    0x080021f5   Thumb Code    18  stm32f10x_tim.o(.text)
    TIM_OC1NPolarityConfig                   0x08002207   Thumb Code    18  stm32f10x_tim.o(.text)
    TIM_OC2PolarityConfig                    0x08002219   Thumb Code    26  stm32f10x_tim.o(.text)
    TIM_OC2NPolarityConfig                   0x08002233   Thumb Code    26  stm32f10x_tim.o(.text)
    TIM_OC3PolarityConfig                    0x0800224d   Thumb Code    26  stm32f10x_tim.o(.text)
    TIM_OC3NPolarityConfig                   0x08002267   Thumb Code    26  stm32f10x_tim.o(.text)
    TIM_OC4PolarityConfig                    0x08002281   Thumb Code    26  stm32f10x_tim.o(.text)
    TIM_CCxCmd                               0x0800229b   Thumb Code    30  stm32f10x_tim.o(.text)
    TIM_CCxNCmd                              0x080022b9   Thumb Code    30  stm32f10x_tim.o(.text)
    TIM_SelectOCxM                           0x080022d7   Thumb Code    82  stm32f10x_tim.o(.text)
    TIM_UpdateDisableConfig                  0x08002329   Thumb Code    24  stm32f10x_tim.o(.text)
    TIM_UpdateRequestConfig                  0x08002341   Thumb Code    24  stm32f10x_tim.o(.text)
    TIM_SelectHallSensor                     0x08002359   Thumb Code    24  stm32f10x_tim.o(.text)
    TIM_SelectOnePulseMode                   0x08002371   Thumb Code    18  stm32f10x_tim.o(.text)
    TIM_SelectOutputTrigger                  0x08002383   Thumb Code    18  stm32f10x_tim.o(.text)
    TIM_SelectSlaveMode                      0x08002395   Thumb Code    18  stm32f10x_tim.o(.text)
    TIM_SelectMasterSlaveMode                0x080023a7   Thumb Code    18  stm32f10x_tim.o(.text)
    TIM_SetCounter                           0x080023b9   Thumb Code     4  stm32f10x_tim.o(.text)
    TIM_SetAutoreload                        0x080023bd   Thumb Code     4  stm32f10x_tim.o(.text)
    TIM_SetCompare1                          0x080023c1   Thumb Code     4  stm32f10x_tim.o(.text)
    TIM_SetCompare2                          0x080023c5   Thumb Code     4  stm32f10x_tim.o(.text)
    TIM_SetCompare3                          0x080023c9   Thumb Code     4  stm32f10x_tim.o(.text)
    TIM_SetCompare4                          0x080023cd   Thumb Code     6  stm32f10x_tim.o(.text)
    TIM_SetClockDivision                     0x080023d3   Thumb Code    18  stm32f10x_tim.o(.text)
    TIM_GetCapture1                          0x080023e5   Thumb Code     6  stm32f10x_tim.o(.text)
    TIM_GetCapture2                          0x080023eb   Thumb Code     6  stm32f10x_tim.o(.text)
    TIM_GetCapture3                          0x080023f1   Thumb Code     6  stm32f10x_tim.o(.text)
    TIM_GetCapture4                          0x080023f7   Thumb Code     8  stm32f10x_tim.o(.text)
    TIM_GetCounter                           0x080023ff   Thumb Code     6  stm32f10x_tim.o(.text)
    TIM_GetPrescaler                         0x08002405   Thumb Code     6  stm32f10x_tim.o(.text)
    TIM_GetFlagStatus                        0x0800240b   Thumb Code    18  stm32f10x_tim.o(.text)
    TIM_ClearFlag                            0x0800241d   Thumb Code     6  stm32f10x_tim.o(.text)
    TIM_GetITStatus                          0x08002423   Thumb Code    34  stm32f10x_tim.o(.text)
    TIM_ClearITPendingBit                    0x08002445   Thumb Code     6  stm32f10x_tim.o(.text)
    Reset_Handler                            0x0800244d   Thumb Code     8  startup_stm32f10x_hd.o(.text)
    ADC1_2_IRQHandler                        0x08002467   Thumb Code     0  startup_stm32f10x_hd.o(.text)
    ADC3_IRQHandler                          0x08002467   Thumb Code     0  startup_stm32f10x_hd.o(.text)
    CAN1_RX1_IRQHandler                      0x08002467   Thumb Code     0  startup_stm32f10x_hd.o(.text)
    CAN1_SCE_IRQHandler                      0x08002467   Thumb Code     0  startup_stm32f10x_hd.o(.text)
    DMA1_Channel1_IRQHandler                 0x08002467   Thumb Code     0  startup_stm32f10x_hd.o(.text)
    DMA1_Channel2_IRQHandler                 0x08002467   Thumb Code     0  startup_stm32f10x_hd.o(.text)
    DMA1_Channel3_IRQHandler                 0x08002467   Thumb Code     0  startup_stm32f10x_hd.o(.text)
    DMA1_Channel4_IRQHandler                 0x08002467   Thumb Code     0  startup_stm32f10x_hd.o(.text)
    DMA1_Channel5_IRQHandler                 0x08002467   Thumb Code     0  startup_stm32f10x_hd.o(.text)
    DMA1_Channel6_IRQHandler                 0x08002467   Thumb Code     0  startup_stm32f10x_hd.o(.text)
    DMA1_Channel7_IRQHandler                 0x08002467   Thumb Code     0  startup_stm32f10x_hd.o(.text)
    DMA2_Channel1_IRQHandler                 0x08002467   Thumb Code     0  startup_stm32f10x_hd.o(.text)
    DMA2_Channel2_IRQHandler                 0x08002467   Thumb Code     0  startup_stm32f10x_hd.o(.text)
    DMA2_Channel3_IRQHandler                 0x08002467   Thumb Code     0  startup_stm32f10x_hd.o(.text)
    DMA2_Channel4_5_IRQHandler               0x08002467   Thumb Code     0  startup_stm32f10x_hd.o(.text)
    EXTI0_IRQHandler                         0x08002467   Thumb Code     0  startup_stm32f10x_hd.o(.text)
    EXTI15_10_IRQHandler                     0x08002467   Thumb Code     0  startup_stm32f10x_hd.o(.text)
    EXTI1_IRQHandler                         0x08002467   Thumb Code     0  startup_stm32f10x_hd.o(.text)
    EXTI2_IRQHandler                         0x08002467   Thumb Code     0  startup_stm32f10x_hd.o(.text)
    EXTI3_IRQHandler                         0x08002467   Thumb Code     0  startup_stm32f10x_hd.o(.text)
    EXTI4_IRQHandler                         0x08002467   Thumb Code     0  startup_stm32f10x_hd.o(.text)
    EXTI9_5_IRQHandler                       0x08002467   Thumb Code     0  startup_stm32f10x_hd.o(.text)
    FLASH_IRQHandler                         0x08002467   Thumb Code     0  startup_stm32f10x_hd.o(.text)
    FSMC_IRQHandler                          0x08002467   Thumb Code     0  startup_stm32f10x_hd.o(.text)
    I2C1_ER_IRQHandler                       0x08002467   Thumb Code     0  startup_stm32f10x_hd.o(.text)
    I2C1_EV_IRQHandler                       0x08002467   Thumb Code     0  startup_stm32f10x_hd.o(.text)
    I2C2_ER_IRQHandler                       0x08002467   Thumb Code     0  startup_stm32f10x_hd.o(.text)
    I2C2_EV_IRQHandler                       0x08002467   Thumb Code     0  startup_stm32f10x_hd.o(.text)
    PVD_IRQHandler                           0x08002467   Thumb Code     0  startup_stm32f10x_hd.o(.text)
    RCC_IRQHandler                           0x08002467   Thumb Code     0  startup_stm32f10x_hd.o(.text)
    RTCAlarm_IRQHandler                      0x08002467   Thumb Code     0  startup_stm32f10x_hd.o(.text)
    RTC_IRQHandler                           0x08002467   Thumb Code     0  startup_stm32f10x_hd.o(.text)
    SDIO_IRQHandler                          0x08002467   Thumb Code     0  startup_stm32f10x_hd.o(.text)
    SPI1_IRQHandler                          0x08002467   Thumb Code     0  startup_stm32f10x_hd.o(.text)
    SPI2_IRQHandler                          0x08002467   Thumb Code     0  startup_stm32f10x_hd.o(.text)
    SPI3_IRQHandler                          0x08002467   Thumb Code     0  startup_stm32f10x_hd.o(.text)
    TAMPER_IRQHandler                        0x08002467   Thumb Code     0  startup_stm32f10x_hd.o(.text)
    TIM1_BRK_IRQHandler                      0x08002467   Thumb Code     0  startup_stm32f10x_hd.o(.text)
    TIM1_CC_IRQHandler                       0x08002467   Thumb Code     0  startup_stm32f10x_hd.o(.text)
    TIM1_TRG_COM_IRQHandler                  0x08002467   Thumb Code     0  startup_stm32f10x_hd.o(.text)
    TIM1_UP_IRQHandler                       0x08002467   Thumb Code     0  startup_stm32f10x_hd.o(.text)
    TIM3_IRQHandler                          0x08002467   Thumb Code     0  startup_stm32f10x_hd.o(.text)
    TIM4_IRQHandler                          0x08002467   Thumb Code     0  startup_stm32f10x_hd.o(.text)
    TIM5_IRQHandler                          0x08002467   Thumb Code     0  startup_stm32f10x_hd.o(.text)
    TIM6_IRQHandler                          0x08002467   Thumb Code     0  startup_stm32f10x_hd.o(.text)
    TIM7_IRQHandler                          0x08002467   Thumb Code     0  startup_stm32f10x_hd.o(.text)
    TIM8_BRK_IRQHandler                      0x08002467   Thumb Code     0  startup_stm32f10x_hd.o(.text)
    TIM8_CC_IRQHandler                       0x08002467   Thumb Code     0  startup_stm32f10x_hd.o(.text)
    TIM8_TRG_COM_IRQHandler                  0x08002467   Thumb Code     0  startup_stm32f10x_hd.o(.text)
    TIM8_UP_IRQHandler                       0x08002467   Thumb Code     0  startup_stm32f10x_hd.o(.text)
    UART4_IRQHandler                         0x08002467   Thumb Code     0  startup_stm32f10x_hd.o(.text)
    UART5_IRQHandler                         0x08002467   Thumb Code     0  startup_stm32f10x_hd.o(.text)
    USART3_IRQHandler                        0x08002467   Thumb Code     0  startup_stm32f10x_hd.o(.text)
    USBWakeUp_IRQHandler                     0x08002467   Thumb Code     0  startup_stm32f10x_hd.o(.text)
    USB_HP_CAN1_TX_IRQHandler                0x08002467   Thumb Code     0  startup_stm32f10x_hd.o(.text)
    USB_LP_CAN1_RX0_IRQHandler               0x08002467   Thumb Code     0  startup_stm32f10x_hd.o(.text)
    WWDG_IRQHandler                          0x08002467   Thumb Code     0  startup_stm32f10x_hd.o(.text)
    __user_initial_stackheap                 0x08002469   Thumb Code     0  startup_stm32f10x_hd.o(.text)
    Servo_GPIO_Init                          0x0800248d   Thumb Code    76  bsp_servo_gpio.o(.text)
    SysTick_Delay_us                         0x08002531   Thumb Code    52  bsp_systick.o(.text)
    SysTick_Delay_ms                         0x08002565   Thumb Code    52  bsp_systick.o(.text)
    USART1_Config                            0x080025cf   Thumb Code   136  bsp_usart1.o(.text)
    USART1_IRQHandler                        0x08002657   Thumb Code    32  bsp_usart1.o(.text)
    USART1_Printf                            0x08002677   Thumb Code    46  bsp_usart1.o(.text)
    TIM2_NVIC_Init                           0x080026ad   Thumb Code    42  bsp_tim2.o(.text)
    TIM2_Init                                0x080026d7   Thumb Code    74  bsp_tim2.o(.text)
    TIM2_Config_Init                         0x08002721   Thumb Code    12  bsp_tim2.o(.text)
    TIM2_IRQHandler                          0x0800272d   Thumb Code    42  bsp_tim2.o(.text)
    USART2_Config                            0x08002785   Thumb Code   144  bsp_usart2.o(.text)
    Send_Data_to_Master                      0x08002815   Thumb Code    46  bsp_usart2.o(.text)
    Check_Stop_Data                          0x08002843   Thumb Code    20  bsp_usart2.o(.text)
    USART2_IRQHandler                        0x08002857   Thumb Code   100  bsp_usart2.o(.text)
    Clean_Data                               0x080028bb   Thumb Code    34  bsp_usart2.o(.text)
    __use_two_region_memory                  0x080028f5   Thumb Code     2  heapauxi.o(.text)
    __rt_heap_escrow$2region                 0x080028f7   Thumb Code     2  heapauxi.o(.text)
    __rt_heap_expand$2region                 0x080028f9   Thumb Code     2  heapauxi.o(.text)
    __user_setup_stackheap                   0x080028fb   Thumb Code    74  sys_stackheap_outer.o(.text)
    exit                                     0x08002945   Thumb Code    12  exit.o(.text)
    __user_libspace                          0x08002951   Thumb Code     8  libspace.o(.text)
    __user_perproc_libspace                  0x08002951   Thumb Code     0  libspace.o(.text)
    __user_perthread_libspace                0x08002951   Thumb Code     0  libspace.o(.text)
    _sys_exit                                0x08002959   Thumb Code     8  sys_exit.o(.text)
    __I$use$semihosting                      0x08002965   Thumb Code     0  use_no_semi.o(.text)
    __use_no_semihosting_swi                 0x08002965   Thumb Code     2  use_no_semi.o(.text)
    __semihosting_library_function           0x08002967   Thumb Code     0  indicate_semi.o(.text)
    __aeabi_d2f                              0x08002969   Thumb Code     0  d2f.o(x$fpl$d2f)
    _d2f                                     0x08002969   Thumb Code    98  d2f.o(x$fpl$d2f)
    __aeabi_ddiv                             0x080029cd   Thumb Code     0  ddiv.o(x$fpl$ddiv)
    _ddiv                                    0x080029cd   Thumb Code   552  ddiv.o(x$fpl$ddiv)
    __aeabi_ui2d                             0x08002c7d   Thumb Code     0  dflt_clz.o(x$fpl$dfltu)
    _dfltu                                   0x08002c7d   Thumb Code    38  dflt_clz.o(x$fpl$dfltu)
    __fpl_dnaninf                            0x08002ca3   Thumb Code   156  dnaninf.o(x$fpl$dnaninf)
    __fpl_dretinf                            0x08002d3f   Thumb Code    12  dretinf.o(x$fpl$dretinf)
    __aeabi_f2d                              0x08002d4d   Thumb Code     0  f2d.o(x$fpl$f2d)
    _f2d                                     0x08002d4d   Thumb Code    86  f2d.o(x$fpl$f2d)
    __aeabi_fadd                             0x08002da5   Thumb Code     0  faddsub_clz.o(x$fpl$fadd)
    _fadd                                    0x08002da5   Thumb Code   196  faddsub_clz.o(x$fpl$fadd)
    __fpl_fcmp_Inf                           0x08002e69   Thumb Code    24  fcmpi.o(x$fpl$fcmpinf)
    __aeabi_cfcmpeq                          0x08002e81   Thumb Code     0  feqf.o(x$fpl$feqf)
    _fcmpeq                                  0x08002e81   Thumb Code   104  feqf.o(x$fpl$feqf)
    __aeabi_f2uiz                            0x08002ee9   Thumb Code     0  ffixu.o(x$fpl$ffixu)
    _ffixu                                   0x08002ee9   Thumb Code    62  ffixu.o(x$fpl$ffixu)
    __aeabi_ui2f                             0x08002f29   Thumb Code     0  fflt_clz.o(x$fpl$ffltu)
    _ffltu                                   0x08002f29   Thumb Code    38  fflt_clz.o(x$fpl$ffltu)
    __aeabi_cfcmple                          0x08002f51   Thumb Code     0  fleqf.o(x$fpl$fleqf)
    _fcmple                                  0x08002f51   Thumb Code   104  fleqf.o(x$fpl$fleqf)
    __fpl_fcmple_InfNaN                      0x08002fa3   Thumb Code     0  fleqf.o(x$fpl$fleqf)
    __aeabi_fmul                             0x08002fb9   Thumb Code     0  fmul.o(x$fpl$fmul)
    _fmul                                    0x08002fb9   Thumb Code   258  fmul.o(x$fpl$fmul)
    __fpl_fnaninf                            0x080030bb   Thumb Code   140  fnaninf.o(x$fpl$fnaninf)
    __fpl_fretinf                            0x08003147   Thumb Code    10  fretinf.o(x$fpl$fretinf)
    __aeabi_cfrcmple                         0x08003151   Thumb Code     0  frleqf.o(x$fpl$frleqf)
    _frcmple                                 0x08003151   Thumb Code    98  frleqf.o(x$fpl$frleqf)
    __aeabi_fsub                             0x080031b5   Thumb Code     0  faddsub_clz.o(x$fpl$fsub)
    _fsub                                    0x080031b5   Thumb Code   234  faddsub_clz.o(x$fpl$fsub)
    __I$use$fp                               0x0800329e   Number         0  usenofp.o(x$fpl$usenofp)
    Region$$Table$$Base                      0x080032a0   Number         0  anon$$obj.o(Region$$Table)
    Region$$Table$$Limit                     0x080032c0   Number         0  anon$$obj.o(Region$$Table)
    Servo_Num                                0x20000000   Data           1  servo_control.o(.data)
    Curl_Up                                  0x20000001   Data         105  analyze_action_group.o(.data)
    Grab_Material_1                          0x2000006a   Data         135  analyze_action_group.o(.data)
    Grab_Material_2                          0x200000f1   Data         165  analyze_action_group.o(.data)
    Grab_Material_3                          0x20000196   Data         180  analyze_action_group.o(.data)
    Left_Place_1                             0x2000024a   Data         225  analyze_action_group.o(.data)
    Left_Place_2                             0x2000032b   Data         255  analyze_action_group.o(.data)
    Left_Place_3                             0x2000042a   Data         120  analyze_action_group.o(.data)
    Right_Place_1                            0x200004a2   Data         285  analyze_action_group.o(.data)
    Right_Place_2                            0x200005bf   Data         150  analyze_action_group.o(.data)
    Right_Place_3                            0x20000655   Data          75  analyze_action_group.o(.data)
    Check_Code                               0x200006a0   Data           2  modbus_agreement.o(.data)
    SystemCoreClock                          0x200006a4   Data           4  system_stm32f10x.o(.data)
    AHBPrescTable                            0x200006a8   Data          16  system_stm32f10x.o(.data)
    Flag                                     0x200006cc   Data           1  bsp_tim2.o(.data)
    USART2_RX_Count                          0x200006ce   Data           2  bsp_usart2.o(.data)
    Free_Read_Rst                            0x200006d0   Data           1  bsp_usart2.o(.data)
    USART_RX_Over                            0x200006d1   Data           1  bsp_usart2.o(.data)
    Servo                                    0x200006d4   Data          60  servo_control.o(.bss)
    Strings                                  0x20000710   Data          50  modbus_agreement.o(.bss)
    Receive_Master_Data                      0x20000742   Data          10  bsp_usart2.o(.bss)
    __libspace_start                         0x2000074c   Data          96  libspace.o(.bss)
    __temporary_stack_top$libspace           0x200007ac   Data           0  libspace.o(.bss)



==============================================================================

Memory Map of the image

  Image Entry point : 0x08000131

  Load Region LR_IROM1 (Base: 0x08000000, Size: 0x00003994, Max: 0x00010000, ABSOLUTE, COMPRESSED[0x000033c0])

    Execution Region ER_IROM1 (Base: 0x08000000, Size: 0x000032c0, Max: 0x00010000, ABSOLUTE)

    Base Addr    Size         Type   Attr      Idx    E Section Name        Object

    0x08000000   0x00000130   Data   RO          348    RESET               startup_stm32f10x_hd.o
    0x08000130   0x00000008   Code   RO          431  * !!!main             c_w.l(__main.o)
    0x08000138   0x00000034   Code   RO          636    !!!scatter          c_w.l(__scatter.o)
    0x0800016c   0x00000064   Code   RO          634    !!dclz77c           c_w.l(__dclz77c.o)
    0x080001d0   0x0000001c   Code   RO          638    !!handler_zi        c_w.l(__scatter_zi.o)
    0x080001ec   0x00000002   Code   RO          507    .ARM.Collect$$libinit$$00000000  c_w.l(libinit.o)
    0x080001ee   0x00000000   Code   RO          514    .ARM.Collect$$libinit$$00000002  c_w.l(libinit2.o)
    0x080001ee   0x00000000   Code   RO          517    .ARM.Collect$$libinit$$00000008  c_w.l(libinit2.o)
    0x080001ee   0x00000000   Code   RO          519    .ARM.Collect$$libinit$$0000000A  c_w.l(libinit2.o)
    0x080001ee   0x00000000   Code   RO          521    .ARM.Collect$$libinit$$0000000C  c_w.l(libinit2.o)
    0x080001ee   0x00000000   Code   RO          524    .ARM.Collect$$libinit$$0000000F  c_w.l(libinit2.o)
    0x080001ee   0x00000000   Code   RO          526    .ARM.Collect$$libinit$$00000011  c_w.l(libinit2.o)
    0x080001ee   0x00000000   Code   RO          528    .ARM.Collect$$libinit$$00000013  c_w.l(libinit2.o)
    0x080001ee   0x00000000   Code   RO          530    .ARM.Collect$$libinit$$00000015  c_w.l(libinit2.o)
    0x080001ee   0x00000000   Code   RO          532    .ARM.Collect$$libinit$$00000017  c_w.l(libinit2.o)
    0x080001ee   0x00000000   Code   RO          534    .ARM.Collect$$libinit$$00000019  c_w.l(libinit2.o)
    0x080001ee   0x00000000   Code   RO          536    .ARM.Collect$$libinit$$0000001B  c_w.l(libinit2.o)
    0x080001ee   0x00000000   Code   RO          538    .ARM.Collect$$libinit$$0000001D  c_w.l(libinit2.o)
    0x080001ee   0x00000000   Code   RO          540    .ARM.Collect$$libinit$$0000001F  c_w.l(libinit2.o)
    0x080001ee   0x00000000   Code   RO          542    .ARM.Collect$$libinit$$00000021  c_w.l(libinit2.o)
    0x080001ee   0x00000000   Code   RO          544    .ARM.Collect$$libinit$$00000023  c_w.l(libinit2.o)
    0x080001ee   0x00000000   Code   RO          548    .ARM.Collect$$libinit$$0000002A  c_w.l(libinit2.o)
    0x080001ee   0x00000000   Code   RO          550    .ARM.Collect$$libinit$$0000002C  c_w.l(libinit2.o)
    0x080001ee   0x00000000   Code   RO          552    .ARM.Collect$$libinit$$0000002E  c_w.l(libinit2.o)
    0x080001ee   0x00000000   Code   RO          554    .ARM.Collect$$libinit$$00000030  c_w.l(libinit2.o)
    0x080001ee   0x00000002   Code   RO          555    .ARM.Collect$$libinit$$00000031  c_w.l(libinit2.o)
    0x080001f0   0x00000002   Code   RO          575    .ARM.Collect$$libshutdown$$00000000  c_w.l(libshutdown.o)
    0x080001f2   0x00000000   Code   RO          589    .ARM.Collect$$libshutdown$$00000003  c_w.l(libshutdown2.o)
    0x080001f2   0x00000000   Code   RO          592    .ARM.Collect$$libshutdown$$00000006  c_w.l(libshutdown2.o)
    0x080001f2   0x00000000   Code   RO          595    .ARM.Collect$$libshutdown$$00000009  c_w.l(libshutdown2.o)
    0x080001f2   0x00000000   Code   RO          597    .ARM.Collect$$libshutdown$$0000000B  c_w.l(libshutdown2.o)
    0x080001f2   0x00000000   Code   RO          600    .ARM.Collect$$libshutdown$$0000000E  c_w.l(libshutdown2.o)
    0x080001f2   0x00000002   Code   RO          601    .ARM.Collect$$libshutdown$$0000000F  c_w.l(libshutdown2.o)
    0x080001f4   0x00000000   Code   RO          471    .ARM.Collect$$rtentry$$00000000  c_w.l(rtentry.o)
    0x080001f4   0x00000000   Code   RO          484    .ARM.Collect$$rtentry$$00000002  c_w.l(rtentry2.o)
    0x080001f4   0x00000006   Code   RO          496    .ARM.Collect$$rtentry$$00000004  c_w.l(rtentry4.o)
    0x080001fa   0x00000000   Code   RO          486    .ARM.Collect$$rtentry$$00000009  c_w.l(rtentry2.o)
    0x080001fa   0x00000004   Code   RO          487    .ARM.Collect$$rtentry$$0000000A  c_w.l(rtentry2.o)
    0x080001fe   0x00000000   Code   RO          489    .ARM.Collect$$rtentry$$0000000C  c_w.l(rtentry2.o)
    0x080001fe   0x00000008   Code   RO          490    .ARM.Collect$$rtentry$$0000000D  c_w.l(rtentry2.o)
    0x08000206   0x00000002   Code   RO          511    .ARM.Collect$$rtexit$$00000000  c_w.l(rtexit.o)
    0x08000208   0x00000000   Code   RO          557    .ARM.Collect$$rtexit$$00000002  c_w.l(rtexit2.o)
    0x08000208   0x00000004   Code   RO          558    .ARM.Collect$$rtexit$$00000003  c_w.l(rtexit2.o)
    0x0800020c   0x00000006   Code   RO          559    .ARM.Collect$$rtexit$$00000004  c_w.l(rtexit2.o)
    0x08000212   0x0000001a   Code   RO            1    .text               stm32f10x_it.o
    0x0800022c   0x00000040   Code   RO           65    .text               main.o
    0x0800026c   0x00000204   Code   RO          113    .text               servo_control.o
    0x08000470   0x000001d4   Code   RO          133    .text               analyze_action_group.o
    0x08000644   0x000000e0   Code   RO          152    .text               execute_action_group.o
    0x08000724   0x00000148   Code   RO          164    .text               modbus_agreement.o
    0x0800086c   0x00000024   Code   RO          183    .text               system_init.o
    0x08000890   0x000001c8   Code   RO          206    .text               system_stm32f10x.o
    0x08000a58   0x00000358   Code   RO          224    .text               stm32f10x_gpio.o
    0x08000db0   0x0000039c   Code   RO          236    .text               stm32f10x_rcc.o
    0x0800114c   0x000000dc   Code   RO          250    .text               misc.o
    0x08001228   0x00000408   Code   RO          262    .text               stm32f10x_usart.o
    0x08001630   0x00000e1a   Code   RO          286    .text               stm32f10x_tim.o
    0x0800244a   0x00000002   PAD
    0x0800244c   0x00000040   Code   RO          349    .text               startup_stm32f10x_hd.o
    0x0800248c   0x00000058   Code   RO          353    .text               bsp_servo_gpio.o
    0x080024e4   0x000000c0   Code   RO          365    .text               bsp_systick.o
    0x080025a4   0x00000108   Code   RO          381    .text               bsp_usart1.o
    0x080026ac   0x000000b0   Code   RO          393    .text               bsp_tim2.o
    0x0800275c   0x00000198   Code   RO          408    .text               bsp_usart2.o
    0x080028f4   0x00000006   Code   RO          429    .text               c_w.l(heapauxi.o)
    0x080028fa   0x0000004a   Code   RO          498    .text               c_w.l(sys_stackheap_outer.o)
    0x08002944   0x0000000c   Code   RO          500    .text               c_w.l(exit.o)
    0x08002950   0x00000008   Code   RO          508    .text               c_w.l(libspace.o)
    0x08002958   0x0000000c   Code   RO          567    .text               c_w.l(sys_exit.o)
    0x08002964   0x00000002   Code   RO          578    .text               c_w.l(use_no_semi.o)
    0x08002966   0x00000000   Code   RO          580    .text               c_w.l(indicate_semi.o)
    0x08002966   0x00000002   PAD
    0x08002968   0x00000062   Code   RO          433    x$fpl$d2f           fz_ws.l(d2f.o)
    0x080029ca   0x00000002   PAD
    0x080029cc   0x000002b0   Code   RO          436    x$fpl$ddiv          fz_ws.l(ddiv.o)
    0x08002c7c   0x00000026   Code   RO          439    x$fpl$dfltu         fz_ws.l(dflt_clz.o)
    0x08002ca2   0x0000009c   Code   RO          472    x$fpl$dnaninf       fz_ws.l(dnaninf.o)
    0x08002d3e   0x0000000c   Code   RO          474    x$fpl$dretinf       fz_ws.l(dretinf.o)
    0x08002d4a   0x00000002   PAD
    0x08002d4c   0x00000056   Code   RO          445    x$fpl$f2d           fz_ws.l(f2d.o)
    0x08002da2   0x00000002   PAD
    0x08002da4   0x000000c4   Code   RO          447    x$fpl$fadd          fz_ws.l(faddsub_clz.o)
    0x08002e68   0x00000018   Code   RO          476    x$fpl$fcmpinf       fz_ws.l(fcmpi.o)
    0x08002e80   0x00000068   Code   RO          453    x$fpl$feqf          fz_ws.l(feqf.o)
    0x08002ee8   0x0000003e   Code   RO          455    x$fpl$ffixu         fz_ws.l(ffixu.o)
    0x08002f26   0x00000002   PAD
    0x08002f28   0x00000026   Code   RO          459    x$fpl$ffltu         fz_ws.l(fflt_clz.o)
    0x08002f4e   0x00000002   PAD
    0x08002f50   0x00000068   Code   RO          465    x$fpl$fleqf         fz_ws.l(fleqf.o)
    0x08002fb8   0x00000102   Code   RO          467    x$fpl$fmul          fz_ws.l(fmul.o)
    0x080030ba   0x0000008c   Code   RO          478    x$fpl$fnaninf       fz_ws.l(fnaninf.o)
    0x08003146   0x0000000a   Code   RO          480    x$fpl$fretinf       fz_ws.l(fretinf.o)
    0x08003150   0x00000062   Code   RO          469    x$fpl$frleqf        fz_ws.l(frleqf.o)
    0x080031b2   0x00000002   PAD
    0x080031b4   0x000000ea   Code   RO          449    x$fpl$fsub          fz_ws.l(faddsub_clz.o)
    0x0800329e   0x00000000   Code   RO          482    x$fpl$usenofp       fz_ws.l(usenofp.o)
    0x0800329e   0x00000002   PAD
    0x080032a0   0x00000020   Data   RO          632    Region$$Table       anon$$obj.o


    Execution Region RW_IRAM1 (Base: 0x20000000, Size: 0x00000db0, Max: 0x00005000, ABSOLUTE, COMPRESSED[0x00000100])

    Base Addr    Size         Type   Attr      Idx    E Section Name        Object

    0x20000000   0x00000001   Data   RW          115    .data               servo_control.o
    0x20000001   0x0000069f   Data   RW          134    .data               analyze_action_group.o
    0x200006a0   0x00000002   Data   RW          166    .data               modbus_agreement.o
    0x200006a2   0x00000002   PAD
    0x200006a4   0x00000014   Data   RW          207    .data               system_stm32f10x.o
    0x200006b8   0x00000014   Data   RW          237    .data               stm32f10x_rcc.o
    0x200006cc   0x00000001   Data   RW          394    .data               bsp_tim2.o
    0x200006cd   0x00000001   PAD
    0x200006ce   0x00000004   Data   RW          410    .data               bsp_usart2.o
    0x200006d2   0x00000002   PAD
    0x200006d4   0x0000003c   Zero   RW          114    .bss                servo_control.o
    0x20000710   0x00000032   Zero   RW          165    .bss                modbus_agreement.o
    0x20000742   0x0000000a   Zero   RW          409    .bss                bsp_usart2.o
    0x2000074c   0x00000060   Zero   RW          509    .bss                c_w.l(libspace.o)
    0x200007ac   0x00000004   PAD
    0x200007b0   0x00000200   Zero   RW          347    HEAP                startup_stm32f10x_hd.o
    0x200009b0   0x00000400   Zero   RW          346    STACK               startup_stm32f10x_hd.o


==============================================================================

Image component sizes


      Code (inc. data)   RO Data    RW Data    ZI Data      Debug   Object Name

       468          8          0       1695          0       2302   analyze_action_group.o
        88         12          0          0          0        558   bsp_servo_gpio.o
       192         12          0          0          0      16199   bsp_systick.o
       176          6          0          1          0       1551   bsp_tim2.o
       264          8          0          0          0       1524   bsp_usart1.o
       408         24          0          4         10       2335   bsp_usart2.o
         0          0          0          0          0         32   core_cm3.o
       224         42          0          0          0       1594   execute_action_group.o
        64         10          0          0          0       1063   main.o
       220         20          0          0          0       1805   misc.o
       328         10          0          2         50       2305   modbus_agreement.o
       516         32          0          1         60       2975   servo_control.o
        64         26        304          0       1536        820   startup_stm32f10x_hd.o
       856         40          0          0          0       5653   stm32f10x_gpio.o
        26          0          0          0          0     254022   stm32f10x_it.o
       924         44          0         20          0       8828   stm32f10x_rcc.o
      3610         88          0          0          0      22136   stm32f10x_tim.o
      1032         22          0          0          0       8376   stm32f10x_usart.o
        36          0          0          0          0        510   system_init.o
       456         36          0         20          0       2039   system_stm32f10x.o

    ----------------------------------------------------------------------
      9954        440        336       1748       1656     336627   Object Totals
         0          0         32          0          0          0   (incl. Generated)
         2          0          0          5          0          0   (incl. Padding)

    ----------------------------------------------------------------------

      Code (inc. data)   RO Data    RW Data    ZI Data      Debug   Library Member Name

       100          0          0          0          0          0   __dclz77c.o
         8          0          0          0          0         68   __main.o
        52          8          0          0          0          0   __scatter.o
        28          0          0          0          0          0   __scatter_zi.o
        12          0          0          0          0         72   exit.o
         6          0          0          0          0        152   heapauxi.o
         0          0          0          0          0          0   indicate_semi.o
         2          0          0          0          0          0   libinit.o
         2          0          0          0          0          0   libinit2.o
         2          0          0          0          0          0   libshutdown.o
         2          0          0          0          0          0   libshutdown2.o
         8          4          0          0         96         68   libspace.o
         0          0          0          0          0          0   rtentry.o
        12          0          0          0          0          0   rtentry2.o
         6          0          0          0          0          0   rtentry4.o
         2          0          0          0          0          0   rtexit.o
        10          0          0          0          0          0   rtexit2.o
        12          4          0          0          0         68   sys_exit.o
        74          0          0          0          0         80   sys_stackheap_outer.o
         2          0          0          0          0         68   use_no_semi.o
        98          4          0          0          0         92   d2f.o
       688        140          0          0          0        212   ddiv.o
        38          0          0          0          0         68   dflt_clz.o
       156          4          0          0          0         92   dnaninf.o
        12          0          0          0          0         68   dretinf.o
        86          4          0          0          0         84   f2d.o
       430          8          0          0          0        168   faddsub_clz.o
        24          0          0          0          0         68   fcmpi.o
       104          4          0          0          0         84   feqf.o
        62          4          0          0          0         84   ffixu.o
        38          0          0          0          0         68   fflt_clz.o
       104          4          0          0          0         84   fleqf.o
       258          4          0          0          0         84   fmul.o
       140          4          0          0          0         84   fnaninf.o
        10          0          0          0          0         68   fretinf.o
        98          0          0          0          0         68   frleqf.o
         0          0          0          0          0          0   usenofp.o

    ----------------------------------------------------------------------
      2702        196          0          0        100       2052   Library Totals
        16          0          0          0          4          0   (incl. Padding)

    ----------------------------------------------------------------------

      Code (inc. data)   RO Data    RW Data    ZI Data      Debug   Library Name

       340         16          0          0         96        576   c_w.l
      2346        180          0          0          0       1476   fz_ws.l

    ----------------------------------------------------------------------
      2702        196          0          0        100       2052   Library Totals

    ----------------------------------------------------------------------

==============================================================================


      Code (inc. data)   RO Data    RW Data    ZI Data      Debug   

     12656        636        336       1748       1756     336235   Grand Totals
     12656        636        336        256       1756     336235   ELF Image Totals (compressed)
     12656        636        336        256          0          0   ROM Totals

==============================================================================

    Total RO  Size (Code + RO Data)                12992 (  12.69kB)
    Total RW  Size (RW Data + ZI Data)              3504 (   3.42kB)
    Total ROM Size (Code + RO Data + RW Data)      13248 (  12.94kB)

==============================================================================

