Component: ARM Compiler 5.05 update 1 (build 106) Tool: armlink [4d0efa]

==============================================================================

Section Cross References

    startup_stm32f10x_hd.o(RESET) refers to startup_stm32f10x_hd.o(STACK) for __initial_sp
    startup_stm32f10x_hd.o(RESET) refers to startup_stm32f10x_hd.o(.text) for Reset_Handler
    startup_stm32f10x_hd.o(RESET) refers to stm32f10x_it.o(.text) for NMI_Handler
    startup_stm32f10x_hd.o(RESET) refers to photoelectric_sensor.o(.text) for EXTI1_IRQHandler
    startup_stm32f10x_hd.o(RESET) refers to bsp_motor_control.o(.text) for TIM2_IRQHandler
    startup_stm32f10x_hd.o(RESET) refers to bsp_usart1.o(.text) for USART1_IRQHandler
    startup_stm32f10x_hd.o(RESET) refers to bsp_usart2.o(.text) for USART2_IRQHandler
    startup_stm32f10x_hd.o(RESET) refers to bsp_tim6.o(.text) for TIM6_IRQHandler
    startup_stm32f10x_hd.o(RESET) refers to bsp_tim7.o(.text) for TIM7_IRQHandler
    startup_stm32f10x_hd.o(.text) refers to system_stm32f10x.o(.text) for SystemInit
    startup_stm32f10x_hd.o(.text) refers to entry.o(.ARM.Collect$$$$00000000) for __main
    system_stm32f10x.o(.text) refers to system_stm32f10x.o(.data) for SystemCoreClock
    stm32f10x_adc.o(.text) refers to stm32f10x_rcc.o(.text) for RCC_APB2PeriphResetCmd
    stm32f10x_bkp.o(.text) refers to stm32f10x_rcc.o(.text) for RCC_BackupResetCmd
    stm32f10x_can.o(.text) refers to stm32f10x_rcc.o(.text) for RCC_APB1PeriphResetCmd
    stm32f10x_cec.o(.text) refers to stm32f10x_rcc.o(.text) for RCC_APB1PeriphResetCmd
    stm32f10x_dac.o(.text) refers to stm32f10x_rcc.o(.text) for RCC_APB1PeriphResetCmd
    stm32f10x_gpio.o(.text) refers to stm32f10x_rcc.o(.text) for RCC_APB2PeriphResetCmd
    stm32f10x_i2c.o(.text) refers to stm32f10x_rcc.o(.text) for RCC_APB1PeriphResetCmd
    stm32f10x_pwr.o(.text) refers to stm32f10x_rcc.o(.text) for RCC_APB1PeriphResetCmd
    stm32f10x_rcc.o(.text) refers to stm32f10x_rcc.o(.data) for APBAHBPrescTable
    stm32f10x_spi.o(.text) refers to stm32f10x_rcc.o(.text) for RCC_APB2PeriphResetCmd
    stm32f10x_tim.o(.text) refers to stm32f10x_rcc.o(.text) for RCC_APB2PeriphResetCmd
    stm32f10x_usart.o(.text) refers to stm32f10x_rcc.o(.text) for RCC_APB2PeriphResetCmd
    stm32f10x_wwdg.o(.text) refers to stm32f10x_rcc.o(.text) for RCC_APB1PeriphResetCmd
    main.o(.text) refers to system_init.o(.text) for System_Init
    main.o(.text) refers to modbus_agreement.o(.text) for RTU_Pack_Data
    main.o(.text) refers to receive_rtu_data.o(.text) for Receive_Openmv_Data
    main.o(.text) refers to bsp_systick.o(.text) for SysTick_Delay_ms
    main.o(.text) refers to stm32f10x_gpio.o(.text) for GPIO_SetBits
    main.o(.text) refers to stm32f10x_tim.o(.text) for TIM_Cmd
    main.o(.text) refers to main.o(.data) for Data_Stirng
    main.o(.text) refers to photoelectric_sensor.o(.data) for Check_Object
    main.o(.text) refers to bsp_usart1.o(.bss) for USART1_RX_Pack
    lcd_display_chinese.o(.text) refers to bsp_ili9341_lcd.o(.text) for ILI9341_Draw_Point
    lcd_display_chinese.o(.text) refers to bsp_systick.o(.text) for SysTick_Delay_ms
    lcd_display_english.o(.text) refers to bsp_ili9341_lcd.o(.text) for ILI9341_Draw_Point
    lcd_display_english.o(.text) refers to lcd_display_english.o(.data) for Character_Motto6666
    modbus_agreement.o(.text) refers to bsp_usart1.o(.text) for USART1_Printf
    modbus_agreement.o(.text) refers to bsp_usart2.o(.text) for USART2_Printf
    modbus_agreement.o(.text) refers to modbus_agreement.o(.data) for Check_Code
    modbus_agreement.o(.text) refers to modbus_agreement.o(.bss) for Strings
    receive_rtu_data.o(.text) refers to modbus_agreement.o(.text) for Data_Clean
    receive_rtu_data.o(.text) refers to lcd_display_chinese.o(.text) for Clean_Screen
    receive_rtu_data.o(.text) refers to stm32f10x_tim.o(.text) for TIM_Cmd
    receive_rtu_data.o(.text) refers to bsp_tim6.o(.text) for TIM6_Shut_Down
    receive_rtu_data.o(.text) refers to bsp_usart1.o(.data) for USART1_RX_Count
    receive_rtu_data.o(.text) refers to bsp_usart2.o(.data) for USART2_RX_Count
    receive_rtu_data.o(.text) refers to lcd_display_chinese.o(.data) for Chinese_Character_3
    receive_rtu_data.o(.text) refers to bsp_usart1.o(.bss) for USART1_RX_Pack
    receive_rtu_data.o(.text) refers to bsp_usart2.o(.bss) for USART2_RX_Pack
    receive_rtu_data.o(.text) refers to bsp_tim7.o(.data) for USART_RX_Over
    receive_rtu_data.o(.text) refers to main.o(.data) for USART1_Send_Count
    receive_rtu_data.o(.text) refers to bsp_tim6.o(.data) for TIM6_Count
    receive_rtu_data.o(.text) refers to receive_rtu_data.o(.data) for Data_Stirngs
    system_init.o(.text) refers to bsp_usart1.o(.text) for USART1_Config
    system_init.o(.text) refers to bsp_usart2.o(.text) for USART2_Config
    system_init.o(.text) refers to bsp_tim6.o(.text) for BASIC_TIM6_Init
    system_init.o(.text) refers to bsp_tim7.o(.text) for BASIC_TIM7_Init
    system_init.o(.text) refers to bsp_ili9341_lcd.o(.text) for LCD_Init
    system_init.o(.text) refers to bsp_motor_control.o(.text) for Motor_Init
    system_init.o(.text) refers to photoelectric_sensor.o(.text) for Photoelectric_Sensor_Init
    system_init.o(.text) refers to lcd_display_english.o(.text) for Display_Motto6666
    system_init.o(.text) refers to lcd_display_chinese.o(.text) for Display_Chinese_String
    system_init.o(.text) refers to lcd_display_chinese.o(.data) for Chinese_Character_1
    bsp_ili9341_lcd.o(.text) refers to stm32f10x_rcc.o(.text) for RCC_APB2PeriphClockCmd
    bsp_ili9341_lcd.o(.text) refers to stm32f10x_gpio.o(.text) for GPIO_PinRemapConfig
    bsp_ili9341_lcd.o(.text) refers to bsp_ili9341_lcd.o(.data) for LCD_SCAN_MODE
    bsp_usart1.o(.text) refers to misc.o(.text) for NVIC_PriorityGroupConfig
    bsp_usart1.o(.text) refers to stm32f10x_rcc.o(.text) for RCC_APB2PeriphClockCmd
    bsp_usart1.o(.text) refers to stm32f10x_gpio.o(.text) for GPIO_Init
    bsp_usart1.o(.text) refers to stm32f10x_usart.o(.text) for USART_Init
    bsp_usart1.o(.text) refers to bsp_systick.o(.text) for SysTick_Delay_us
    bsp_usart1.o(.text) refers to stm32f10x_tim.o(.text) for TIM_Cmd
    bsp_usart1.o(.text) refers to bsp_tim7.o(.data) for TIM7_Count
    bsp_usart1.o(.text) refers to bsp_usart1.o(.bss) for USART1_RX_Pack
    bsp_usart1.o(.text) refers to bsp_usart1.o(.data) for USART1_RX_Count
    bsp_tim6.o(.text) refers to misc.o(.text) for NVIC_PriorityGroupConfig
    bsp_tim6.o(.text) refers to stm32f10x_rcc.o(.text) for RCC_APB1PeriphClockCmd
    bsp_tim6.o(.text) refers to stm32f10x_tim.o(.text) for TIM_TimeBaseInit
    bsp_tim6.o(.text) refers to bsp_tim6.o(.data) for TIM6_Count
    bsp_tim7.o(.text) refers to misc.o(.text) for NVIC_PriorityGroupConfig
    bsp_tim7.o(.text) refers to stm32f10x_rcc.o(.text) for RCC_APB1PeriphClockCmd
    bsp_tim7.o(.text) refers to stm32f10x_tim.o(.text) for TIM_TimeBaseInit
    bsp_tim7.o(.text) refers to bsp_tim7.o(.data) for TIM7_Count
    bsp_usart2.o(.text) refers to misc.o(.text) for NVIC_PriorityGroupConfig
    bsp_usart2.o(.text) refers to stm32f10x_rcc.o(.text) for RCC_APB2PeriphClockCmd
    bsp_usart2.o(.text) refers to stm32f10x_gpio.o(.text) for GPIO_Init
    bsp_usart2.o(.text) refers to stm32f10x_usart.o(.text) for USART_Init
    bsp_usart2.o(.text) refers to bsp_systick.o(.text) for SysTick_Delay_us
    bsp_usart2.o(.text) refers to stm32f10x_tim.o(.text) for TIM_Cmd
    bsp_usart2.o(.text) refers to bsp_tim7.o(.data) for TIM7_Count
    bsp_usart2.o(.text) refers to bsp_usart2.o(.bss) for USART2_RX_Pack
    bsp_usart2.o(.text) refers to bsp_usart2.o(.data) for USART2_RX_Count
    bsp_motor_control.o(.text) refers to stm32f10x_rcc.o(.text) for RCC_APB2PeriphClockCmd
    bsp_motor_control.o(.text) refers to stm32f10x_gpio.o(.text) for GPIO_Init
    bsp_motor_control.o(.text) refers to misc.o(.text) for NVIC_PriorityGroupConfig
    bsp_motor_control.o(.text) refers to stm32f10x_tim.o(.text) for TIM_TimeBaseInit
    bsp_motor_control.o(.text) refers to bsp_motor_control.o(.data) for Flag
    photoelectric_sensor.o(.text) refers to misc.o(.text) for NVIC_PriorityGroupConfig
    photoelectric_sensor.o(.text) refers to stm32f10x_rcc.o(.text) for RCC_APB2PeriphClockCmd
    photoelectric_sensor.o(.text) refers to stm32f10x_gpio.o(.text) for GPIO_Init
    photoelectric_sensor.o(.text) refers to stm32f10x_exti.o(.text) for EXTI_Init
    photoelectric_sensor.o(.text) refers to photoelectric_sensor.o(.data) for Check_Object
    entry.o(.ARM.Collect$$$$00000000) refers (Special) to entry10a.o(.ARM.Collect$$$$0000000D) for __rt_final_cpp
    entry.o(.ARM.Collect$$$$00000000) refers (Special) to entry11a.o(.ARM.Collect$$$$0000000F) for __rt_final_exit
    entry.o(.ARM.Collect$$$$00000000) refers (Special) to entry7b.o(.ARM.Collect$$$$00000008) for _main_clock
    entry.o(.ARM.Collect$$$$00000000) refers (Special) to entry8b.o(.ARM.Collect$$$$0000000A) for _main_cpp_init
    entry.o(.ARM.Collect$$$$00000000) refers (Special) to entry9a.o(.ARM.Collect$$$$0000000B) for _main_init
    entry.o(.ARM.Collect$$$$00000000) refers (Special) to entry5.o(.ARM.Collect$$$$00000004) for _main_scatterload
    entry.o(.ARM.Collect$$$$00000000) refers (Special) to entry2.o(.ARM.Collect$$$$00000001) for _main_stk
    entry2.o(.ARM.Collect$$$$00000001) refers to entry2.o(.ARM.Collect$$$$00002712) for __lit__00000000
    entry2.o(.ARM.Collect$$$$00002712) refers to startup_stm32f10x_hd.o(STACK) for __initial_sp
    entry2.o(__vectab_stack_and_reset_area) refers to startup_stm32f10x_hd.o(STACK) for __initial_sp
    entry2.o(__vectab_stack_and_reset_area) refers to entry.o(.ARM.Collect$$$$00000000) for __main
    entry5.o(.ARM.Collect$$$$00000004) refers to init.o(.text) for __scatterload
    entry9a.o(.ARM.Collect$$$$0000000B) refers to main.o(.text) for main
    entry9b.o(.ARM.Collect$$$$0000000C) refers to main.o(.text) for main
    init.o(.text) refers to entry5.o(.ARM.Collect$$$$00000004) for __main_after_scatterload


==============================================================================

Removing Unused input sections from the image.

    Removing startup_stm32f10x_hd.o(HEAP), (512 bytes).
    Removing core_cm3.o(.emb_text), (32 bytes).
    Removing stm32f10x_adc.o(.text), (1102 bytes).
    Removing stm32f10x_bkp.o(.text), (196 bytes).
    Removing stm32f10x_can.o(.text), (2544 bytes).
    Removing stm32f10x_cec.o(.text), (288 bytes).
    Removing stm32f10x_crc.o(.text), (72 bytes).
    Removing stm32f10x_dac.o(.text), (396 bytes).
    Removing stm32f10x_dbgmcu.o(.text), (48 bytes).
    Removing stm32f10x_dma.o(.text), (596 bytes).
    Removing stm32f10x_flash.o(.text), (1468 bytes).
    Removing stm32f10x_fsmc.o(.text), (1548 bytes).
    Removing stm32f10x_i2c.o(.text), (1028 bytes).
    Removing stm32f10x_iwdg.o(.text), (64 bytes).
    Removing stm32f10x_pwr.o(.text), (204 bytes).
    Removing stm32f10x_rtc.o(.text), (328 bytes).
    Removing stm32f10x_sdio.o(.text), (468 bytes).
    Removing stm32f10x_spi.o(.text), (780 bytes).
    Removing stm32f10x_wwdg.o(.text), (136 bytes).

19 unused section(s) (total 11810 bytes) removed from the image.

==============================================================================

Image Symbol Table

    Local Symbols

    Symbol Name                              Value     Ov Type        Size  Object(Section)

    ../clib/../cmprslib/lz77c.c              0x00000000   Number         0  __dclz77c.o ABSOLUTE
    ../clib/microlib/init/entry.s            0x00000000   Number         0  entry11b.o ABSOLUTE
    ../clib/microlib/init/entry.s            0x00000000   Number         0  entry11a.o ABSOLUTE
    ../clib/microlib/init/entry.s            0x00000000   Number         0  entry10b.o ABSOLUTE
    ../clib/microlib/init/entry.s            0x00000000   Number         0  entry10a.o ABSOLUTE
    ../clib/microlib/init/entry.s            0x00000000   Number         0  entry9b.o ABSOLUTE
    ../clib/microlib/init/entry.s            0x00000000   Number         0  entry8b.o ABSOLUTE
    ../clib/microlib/init/entry.s            0x00000000   Number         0  entry8a.o ABSOLUTE
    ../clib/microlib/init/entry.s            0x00000000   Number         0  entry.o ABSOLUTE
    ../clib/microlib/init/entry.s            0x00000000   Number         0  entry2.o ABSOLUTE
    ../clib/microlib/init/entry.s            0x00000000   Number         0  entry9a.o ABSOLUTE
    ../clib/microlib/init/entry.s            0x00000000   Number         0  entry7b.o ABSOLUTE
    ../clib/microlib/init/entry.s            0x00000000   Number         0  entry7a.o ABSOLUTE
    ../clib/microlib/init/entry.s            0x00000000   Number         0  entry5.o ABSOLUTE
    ..\..\BSP\lcd\bsp_ili9341_lcd.c          0x00000000   Number         0  bsp_ili9341_lcd.o ABSOLUTE
    ..\..\BSP\motor_control\bsp_motor_control.c 0x00000000   Number         0  bsp_motor_control.o ABSOLUTE
    ..\..\BSP\photoelectric_sensor\photoelectric_sensor.c 0x00000000   Number         0  photoelectric_sensor.o ABSOLUTE
    ..\..\BSP\systick\bsp_systick.c          0x00000000   Number         0  bsp_systick.o ABSOLUTE
    ..\..\BSP\tim6\bsp_tim6.c                0x00000000   Number         0  bsp_tim6.o ABSOLUTE
    ..\..\BSP\tim7\bsp_tim7.c                0x00000000   Number         0  bsp_tim7.o ABSOLUTE
    ..\..\BSP\usart\bsp_usart1.c             0x00000000   Number         0  bsp_usart1.o ABSOLUTE
    ..\..\BSP\usart\bsp_usart2.c             0x00000000   Number         0  bsp_usart2.o ABSOLUTE
    ..\..\Libraries\CMSIS\core_cm3.c         0x00000000   Number         0  core_cm3.o ABSOLUTE
    ..\..\Libraries\CMSIS\startup\startup_stm32f10x_hd.s 0x00000000   Number         0  startup_stm32f10x_hd.o ABSOLUTE
    ..\..\Libraries\CMSIS\system_stm32f10x.c 0x00000000   Number         0  system_stm32f10x.o ABSOLUTE
    ..\..\Libraries\FWlib\src\misc.c         0x00000000   Number         0  misc.o ABSOLUTE
    ..\..\Libraries\FWlib\src\stm32f10x_adc.c 0x00000000   Number         0  stm32f10x_adc.o ABSOLUTE
    ..\..\Libraries\FWlib\src\stm32f10x_bkp.c 0x00000000   Number         0  stm32f10x_bkp.o ABSOLUTE
    ..\..\Libraries\FWlib\src\stm32f10x_can.c 0x00000000   Number         0  stm32f10x_can.o ABSOLUTE
    ..\..\Libraries\FWlib\src\stm32f10x_cec.c 0x00000000   Number         0  stm32f10x_cec.o ABSOLUTE
    ..\..\Libraries\FWlib\src\stm32f10x_crc.c 0x00000000   Number         0  stm32f10x_crc.o ABSOLUTE
    ..\..\Libraries\FWlib\src\stm32f10x_dac.c 0x00000000   Number         0  stm32f10x_dac.o ABSOLUTE
    ..\..\Libraries\FWlib\src\stm32f10x_dbgmcu.c 0x00000000   Number         0  stm32f10x_dbgmcu.o ABSOLUTE
    ..\..\Libraries\FWlib\src\stm32f10x_dma.c 0x00000000   Number         0  stm32f10x_dma.o ABSOLUTE
    ..\..\Libraries\FWlib\src\stm32f10x_exti.c 0x00000000   Number         0  stm32f10x_exti.o ABSOLUTE
    ..\..\Libraries\FWlib\src\stm32f10x_flash.c 0x00000000   Number         0  stm32f10x_flash.o ABSOLUTE
    ..\..\Libraries\FWlib\src\stm32f10x_fsmc.c 0x00000000   Number         0  stm32f10x_fsmc.o ABSOLUTE
    ..\..\Libraries\FWlib\src\stm32f10x_gpio.c 0x00000000   Number         0  stm32f10x_gpio.o ABSOLUTE
    ..\..\Libraries\FWlib\src\stm32f10x_i2c.c 0x00000000   Number         0  stm32f10x_i2c.o ABSOLUTE
    ..\..\Libraries\FWlib\src\stm32f10x_iwdg.c 0x00000000   Number         0  stm32f10x_iwdg.o ABSOLUTE
    ..\..\Libraries\FWlib\src\stm32f10x_pwr.c 0x00000000   Number         0  stm32f10x_pwr.o ABSOLUTE
    ..\..\Libraries\FWlib\src\stm32f10x_rcc.c 0x00000000   Number         0  stm32f10x_rcc.o ABSOLUTE
    ..\..\Libraries\FWlib\src\stm32f10x_rtc.c 0x00000000   Number         0  stm32f10x_rtc.o ABSOLUTE
    ..\..\Libraries\FWlib\src\stm32f10x_sdio.c 0x00000000   Number         0  stm32f10x_sdio.o ABSOLUTE
    ..\..\Libraries\FWlib\src\stm32f10x_spi.c 0x00000000   Number         0  stm32f10x_spi.o ABSOLUTE
    ..\..\Libraries\FWlib\src\stm32f10x_tim.c 0x00000000   Number         0  stm32f10x_tim.o ABSOLUTE
    ..\..\Libraries\FWlib\src\stm32f10x_usart.c 0x00000000   Number         0  stm32f10x_usart.o ABSOLUTE
    ..\..\Libraries\FWlib\src\stm32f10x_wwdg.c 0x00000000   Number         0  stm32f10x_wwdg.o ABSOLUTE
    ..\..\User\display_character\lcd_display_chinese.c 0x00000000   Number         0  lcd_display_chinese.o ABSOLUTE
    ..\..\User\display_character\lcd_display_english.c 0x00000000   Number         0  lcd_display_english.o ABSOLUTE
    ..\..\User\main.c                        0x00000000   Number         0  main.o ABSOLUTE
    ..\..\User\modbus_agreement\modbus_agreement.c 0x00000000   Number         0  modbus_agreement.o ABSOLUTE
    ..\..\User\receive_rtu_data\receive_rtu_data.c 0x00000000   Number         0  receive_rtu_data.o ABSOLUTE
    ..\..\User\stm32f10x_it.c                0x00000000   Number         0  stm32f10x_it.o ABSOLUTE
    ..\..\User\system_init\system_init.c     0x00000000   Number         0  system_init.o ABSOLUTE
    ..\\..\\Libraries\\CMSIS\\core_cm3.c     0x00000000   Number         0  core_cm3.o ABSOLUTE
    dc.s                                     0x00000000   Number         0  dc.o ABSOLUTE
    handlers.s                               0x00000000   Number         0  handlers.o ABSOLUTE
    init.s                                   0x00000000   Number         0  init.o ABSOLUTE
    RESET                                    0x08000000   Section      304  startup_stm32f10x_hd.o(RESET)
    .ARM.Collect$$$$00000000                 0x08000130   Section        0  entry.o(.ARM.Collect$$$$00000000)
    .ARM.Collect$$$$00000001                 0x08000130   Section        4  entry2.o(.ARM.Collect$$$$00000001)
    .ARM.Collect$$$$00000004                 0x08000134   Section        4  entry5.o(.ARM.Collect$$$$00000004)
    .ARM.Collect$$$$00000008                 0x08000138   Section        0  entry7b.o(.ARM.Collect$$$$00000008)
    .ARM.Collect$$$$0000000A                 0x08000138   Section        0  entry8b.o(.ARM.Collect$$$$0000000A)
    .ARM.Collect$$$$0000000B                 0x08000138   Section        8  entry9a.o(.ARM.Collect$$$$0000000B)
    .ARM.Collect$$$$0000000D                 0x08000140   Section        0  entry10a.o(.ARM.Collect$$$$0000000D)
    .ARM.Collect$$$$0000000F                 0x08000140   Section        0  entry11a.o(.ARM.Collect$$$$0000000F)
    .ARM.Collect$$$$00002712                 0x08000140   Section        4  entry2.o(.ARM.Collect$$$$00002712)
    __lit__00000000                          0x08000140   Data           4  entry2.o(.ARM.Collect$$$$00002712)
    .text                                    0x08000144   Section       36  startup_stm32f10x_hd.o(.text)
    .text                                    0x08000168   Section        0  system_stm32f10x.o(.text)
    SetSysClockTo72                          0x08000169   Thumb Code   214  system_stm32f10x.o(.text)
    SetSysClock                              0x0800023f   Thumb Code     8  system_stm32f10x.o(.text)
    .text                                    0x08000348   Section        0  misc.o(.text)
    .text                                    0x08000424   Section        0  stm32f10x_exti.o(.text)
    .text                                    0x08000540   Section        0  stm32f10x_gpio.o(.text)
    .text                                    0x0800089c   Section        0  stm32f10x_rcc.o(.text)
    .text                                    0x08000c40   Section        0  stm32f10x_tim.o(.text)
    TI4_Config                               0x080010e7   Thumb Code   130  stm32f10x_tim.o(.text)
    TI3_Config                               0x0800117b   Thumb Code   122  stm32f10x_tim.o(.text)
    TI2_Config                               0x0800120f   Thumb Code   130  stm32f10x_tim.o(.text)
    TI1_Config                               0x080012a3   Thumb Code   108  stm32f10x_tim.o(.text)
    .text                                    0x08001a5c   Section        0  stm32f10x_usart.o(.text)
    .text                                    0x08001e64   Section        0  main.o(.text)
    .text                                    0x08001f68   Section        0  stm32f10x_it.o(.text)
    .text                                    0x08001f82   Section        0  lcd_display_chinese.o(.text)
    .text                                    0x08002128   Section        0  lcd_display_english.o(.text)
    .text                                    0x08002238   Section        0  modbus_agreement.o(.text)
    .text                                    0x080023a0   Section        0  receive_rtu_data.o(.text)
    .text                                    0x08002844   Section        0  system_init.o(.text)
    .text                                    0x0800289c   Section        0  bsp_ili9341_lcd.o(.text)
    ILI9341_Delay                            0x0800289d   Thumb Code    18  bsp_ili9341_lcd.o(.text)
    .text                                    0x08002ea8   Section        0  bsp_usart1.o(.text)
    USART1_NVIC_Configuration                0x08002ea9   Thumb Code    40  bsp_usart1.o(.text)
    .text                                    0x08002fd4   Section        0  bsp_systick.o(.text)
    SysTick_Config                           0x08002fd5   Thumb Code    76  bsp_systick.o(.text)
    .text                                    0x08003098   Section        0  bsp_tim6.o(.text)
    BASIC_TIM6_NVIC_Config                   0x08003099   Thumb Code    42  bsp_tim6.o(.text)
    BASIC_TIM6_Mode_Config                   0x080030c3   Thumb Code    60  bsp_tim6.o(.text)
    .text                                    0x08003144   Section        0  bsp_tim7.o(.text)
    BASIC_TIM7_NVIC_Config                   0x08003145   Thumb Code    42  bsp_tim7.o(.text)
    BASIC_TIM7_Mode_Config                   0x0800316f   Thumb Code    60  bsp_tim7.o(.text)
    .text                                    0x080031fc   Section        0  bsp_usart2.o(.text)
    USART2_NVIC_Configuration                0x080031fd   Thumb Code    42  bsp_usart2.o(.text)
    .text                                    0x08003348   Section        0  bsp_motor_control.o(.text)
    .text                                    0x0800348c   Section        0  photoelectric_sensor.o(.text)
    Sensor_NVIC_Config                       0x0800348d   Thumb Code    42  photoelectric_sensor.o(.text)
    .text                                    0x08003530   Section       36  init.o(.text)
    .text                                    0x08003554   Section        0  __dclz77c.o(.text)
    i.__scatterload_copy                     0x080035b2   Section       14  handlers.o(i.__scatterload_copy)
    i.__scatterload_null                     0x080035c0   Section        2  handlers.o(i.__scatterload_null)
    i.__scatterload_zeroinit                 0x080035c2   Section       14  handlers.o(i.__scatterload_zeroinit)
    .data                                    0x20000000   Section       20  system_stm32f10x.o(.data)
    .data                                    0x20000014   Section       20  stm32f10x_rcc.o(.data)
    APBAHBPrescTable                         0x20000014   Data          16  stm32f10x_rcc.o(.data)
    ADCPrescTable                            0x20000024   Data           4  stm32f10x_rcc.o(.data)
    .data                                    0x20000028   Section        3  main.o(.data)
    .data                                    0x2000002b   Section     5440  lcd_display_chinese.o(.data)
    .data                                    0x2000156b   Section      432  lcd_display_english.o(.data)
    .data                                    0x2000171b   Section        2  modbus_agreement.o(.data)
    .data                                    0x2000171d   Section        1  receive_rtu_data.o(.data)
    .data                                    0x2000171e   Section        5  bsp_ili9341_lcd.o(.data)
    .data                                    0x20001724   Section        2  bsp_usart1.o(.data)
    .data                                    0x20001728   Section        4  bsp_tim6.o(.data)
    .data                                    0x2000172c   Section        2  bsp_tim7.o(.data)
    .data                                    0x2000172e   Section        2  bsp_usart2.o(.data)
    .data                                    0x20001730   Section        1  bsp_motor_control.o(.data)
    .data                                    0x20001731   Section        1  photoelectric_sensor.o(.data)
    .bss                                     0x20001734   Section       50  modbus_agreement.o(.bss)
    .bss                                     0x20001766   Section       50  bsp_usart1.o(.bss)
    .bss                                     0x20001798   Section       50  bsp_usart2.o(.bss)
    STACK                                    0x200017d0   Section     1024  startup_stm32f10x_hd.o(STACK)

    Global Symbols

    Symbol Name                              Value     Ov Type        Size  Object(Section)

    BuildAttributes$$THM_ISAv4$P$D$K$B$S$PE$A:L22UL41UL21$X:L11$S22US41US21$IEEE1$IW$USESV6$~STKCKD$USESV7$~SHL$OSPACE$EBA8$MICROLIB$REQ8$PRES8$EABIv2 0x00000000   Number         0  anon$$obj.o ABSOLUTE
    __ARM_use_no_argv                        0x00000000   Number         0  main.o ABSOLUTE
    __cpp_initialize__aeabi_                  - Undefined Weak Reference
    __cxa_finalize                            - Undefined Weak Reference
    _clock_init                               - Undefined Weak Reference
    _microlib_exit                            - Undefined Weak Reference
    __Vectors_Size                           0x00000130   Number         0  startup_stm32f10x_hd.o ABSOLUTE
    __Vectors                                0x08000000   Data           4  startup_stm32f10x_hd.o(RESET)
    __Vectors_End                            0x08000130   Data           0  startup_stm32f10x_hd.o(RESET)
    __main                                   0x08000131   Thumb Code     0  entry.o(.ARM.Collect$$$$00000000)
    _main_stk                                0x08000131   Thumb Code     0  entry2.o(.ARM.Collect$$$$00000001)
    _main_scatterload                        0x08000135   Thumb Code     0  entry5.o(.ARM.Collect$$$$00000004)
    __main_after_scatterload                 0x08000139   Thumb Code     0  entry5.o(.ARM.Collect$$$$00000004)
    _main_clock                              0x08000139   Thumb Code     0  entry7b.o(.ARM.Collect$$$$00000008)
    _main_cpp_init                           0x08000139   Thumb Code     0  entry8b.o(.ARM.Collect$$$$0000000A)
    _main_init                               0x08000139   Thumb Code     0  entry9a.o(.ARM.Collect$$$$0000000B)
    __rt_final_cpp                           0x08000141   Thumb Code     0  entry10a.o(.ARM.Collect$$$$0000000D)
    __rt_final_exit                          0x08000141   Thumb Code     0  entry11a.o(.ARM.Collect$$$$0000000F)
    Reset_Handler                            0x08000145   Thumb Code     8  startup_stm32f10x_hd.o(.text)
    ADC1_2_IRQHandler                        0x0800015f   Thumb Code     0  startup_stm32f10x_hd.o(.text)
    ADC3_IRQHandler                          0x0800015f   Thumb Code     0  startup_stm32f10x_hd.o(.text)
    CAN1_RX1_IRQHandler                      0x0800015f   Thumb Code     0  startup_stm32f10x_hd.o(.text)
    CAN1_SCE_IRQHandler                      0x0800015f   Thumb Code     0  startup_stm32f10x_hd.o(.text)
    DMA1_Channel1_IRQHandler                 0x0800015f   Thumb Code     0  startup_stm32f10x_hd.o(.text)
    DMA1_Channel2_IRQHandler                 0x0800015f   Thumb Code     0  startup_stm32f10x_hd.o(.text)
    DMA1_Channel3_IRQHandler                 0x0800015f   Thumb Code     0  startup_stm32f10x_hd.o(.text)
    DMA1_Channel4_IRQHandler                 0x0800015f   Thumb Code     0  startup_stm32f10x_hd.o(.text)
    DMA1_Channel5_IRQHandler                 0x0800015f   Thumb Code     0  startup_stm32f10x_hd.o(.text)
    DMA1_Channel6_IRQHandler                 0x0800015f   Thumb Code     0  startup_stm32f10x_hd.o(.text)
    DMA1_Channel7_IRQHandler                 0x0800015f   Thumb Code     0  startup_stm32f10x_hd.o(.text)
    DMA2_Channel1_IRQHandler                 0x0800015f   Thumb Code     0  startup_stm32f10x_hd.o(.text)
    DMA2_Channel2_IRQHandler                 0x0800015f   Thumb Code     0  startup_stm32f10x_hd.o(.text)
    DMA2_Channel3_IRQHandler                 0x0800015f   Thumb Code     0  startup_stm32f10x_hd.o(.text)
    DMA2_Channel4_5_IRQHandler               0x0800015f   Thumb Code     0  startup_stm32f10x_hd.o(.text)
    EXTI0_IRQHandler                         0x0800015f   Thumb Code     0  startup_stm32f10x_hd.o(.text)
    EXTI15_10_IRQHandler                     0x0800015f   Thumb Code     0  startup_stm32f10x_hd.o(.text)
    EXTI2_IRQHandler                         0x0800015f   Thumb Code     0  startup_stm32f10x_hd.o(.text)
    EXTI3_IRQHandler                         0x0800015f   Thumb Code     0  startup_stm32f10x_hd.o(.text)
    EXTI4_IRQHandler                         0x0800015f   Thumb Code     0  startup_stm32f10x_hd.o(.text)
    EXTI9_5_IRQHandler                       0x0800015f   Thumb Code     0  startup_stm32f10x_hd.o(.text)
    FLASH_IRQHandler                         0x0800015f   Thumb Code     0  startup_stm32f10x_hd.o(.text)
    FSMC_IRQHandler                          0x0800015f   Thumb Code     0  startup_stm32f10x_hd.o(.text)
    I2C1_ER_IRQHandler                       0x0800015f   Thumb Code     0  startup_stm32f10x_hd.o(.text)
    I2C1_EV_IRQHandler                       0x0800015f   Thumb Code     0  startup_stm32f10x_hd.o(.text)
    I2C2_ER_IRQHandler                       0x0800015f   Thumb Code     0  startup_stm32f10x_hd.o(.text)
    I2C2_EV_IRQHandler                       0x0800015f   Thumb Code     0  startup_stm32f10x_hd.o(.text)
    PVD_IRQHandler                           0x0800015f   Thumb Code     0  startup_stm32f10x_hd.o(.text)
    RCC_IRQHandler                           0x0800015f   Thumb Code     0  startup_stm32f10x_hd.o(.text)
    RTCAlarm_IRQHandler                      0x0800015f   Thumb Code     0  startup_stm32f10x_hd.o(.text)
    RTC_IRQHandler                           0x0800015f   Thumb Code     0  startup_stm32f10x_hd.o(.text)
    SDIO_IRQHandler                          0x0800015f   Thumb Code     0  startup_stm32f10x_hd.o(.text)
    SPI1_IRQHandler                          0x0800015f   Thumb Code     0  startup_stm32f10x_hd.o(.text)
    SPI2_IRQHandler                          0x0800015f   Thumb Code     0  startup_stm32f10x_hd.o(.text)
    SPI3_IRQHandler                          0x0800015f   Thumb Code     0  startup_stm32f10x_hd.o(.text)
    TAMPER_IRQHandler                        0x0800015f   Thumb Code     0  startup_stm32f10x_hd.o(.text)
    TIM1_BRK_IRQHandler                      0x0800015f   Thumb Code     0  startup_stm32f10x_hd.o(.text)
    TIM1_CC_IRQHandler                       0x0800015f   Thumb Code     0  startup_stm32f10x_hd.o(.text)
    TIM1_TRG_COM_IRQHandler                  0x0800015f   Thumb Code     0  startup_stm32f10x_hd.o(.text)
    TIM1_UP_IRQHandler                       0x0800015f   Thumb Code     0  startup_stm32f10x_hd.o(.text)
    TIM3_IRQHandler                          0x0800015f   Thumb Code     0  startup_stm32f10x_hd.o(.text)
    TIM4_IRQHandler                          0x0800015f   Thumb Code     0  startup_stm32f10x_hd.o(.text)
    TIM5_IRQHandler                          0x0800015f   Thumb Code     0  startup_stm32f10x_hd.o(.text)
    TIM8_BRK_IRQHandler                      0x0800015f   Thumb Code     0  startup_stm32f10x_hd.o(.text)
    TIM8_CC_IRQHandler                       0x0800015f   Thumb Code     0  startup_stm32f10x_hd.o(.text)
    TIM8_TRG_COM_IRQHandler                  0x0800015f   Thumb Code     0  startup_stm32f10x_hd.o(.text)
    TIM8_UP_IRQHandler                       0x0800015f   Thumb Code     0  startup_stm32f10x_hd.o(.text)
    UART4_IRQHandler                         0x0800015f   Thumb Code     0  startup_stm32f10x_hd.o(.text)
    UART5_IRQHandler                         0x0800015f   Thumb Code     0  startup_stm32f10x_hd.o(.text)
    USART3_IRQHandler                        0x0800015f   Thumb Code     0  startup_stm32f10x_hd.o(.text)
    USBWakeUp_IRQHandler                     0x0800015f   Thumb Code     0  startup_stm32f10x_hd.o(.text)
    USB_HP_CAN1_TX_IRQHandler                0x0800015f   Thumb Code     0  startup_stm32f10x_hd.o(.text)
    USB_LP_CAN1_RX0_IRQHandler               0x0800015f   Thumb Code     0  startup_stm32f10x_hd.o(.text)
    WWDG_IRQHandler                          0x0800015f   Thumb Code     0  startup_stm32f10x_hd.o(.text)
    SystemInit                               0x08000247   Thumb Code    78  system_stm32f10x.o(.text)
    SystemCoreClockUpdate                    0x08000295   Thumb Code   142  system_stm32f10x.o(.text)
    NVIC_PriorityGroupConfig                 0x08000349   Thumb Code    10  misc.o(.text)
    NVIC_Init                                0x08000353   Thumb Code   100  misc.o(.text)
    NVIC_SetVectorTable                      0x080003b7   Thumb Code    14  misc.o(.text)
    NVIC_SystemLPConfig                      0x080003c5   Thumb Code    34  misc.o(.text)
    SysTick_CLKSourceConfig                  0x080003e7   Thumb Code    40  misc.o(.text)
    EXTI_DeInit                              0x08000425   Thumb Code    28  stm32f10x_exti.o(.text)
    EXTI_Init                                0x08000441   Thumb Code   142  stm32f10x_exti.o(.text)
    EXTI_StructInit                          0x080004cf   Thumb Code    16  stm32f10x_exti.o(.text)
    EXTI_GenerateSWInterrupt                 0x080004df   Thumb Code    16  stm32f10x_exti.o(.text)
    EXTI_GetFlagStatus                       0x080004ef   Thumb Code    22  stm32f10x_exti.o(.text)
    EXTI_ClearFlag                           0x08000505   Thumb Code     8  stm32f10x_exti.o(.text)
    EXTI_GetITStatus                         0x0800050d   Thumb Code    34  stm32f10x_exti.o(.text)
    EXTI_ClearITPendingBit                   0x0800052f   Thumb Code     8  stm32f10x_exti.o(.text)
    GPIO_DeInit                              0x08000541   Thumb Code   172  stm32f10x_gpio.o(.text)
    GPIO_AFIODeInit                          0x080005ed   Thumb Code    20  stm32f10x_gpio.o(.text)
    GPIO_Init                                0x08000601   Thumb Code   278  stm32f10x_gpio.o(.text)
    GPIO_StructInit                          0x08000717   Thumb Code    16  stm32f10x_gpio.o(.text)
    GPIO_ReadInputDataBit                    0x08000727   Thumb Code    18  stm32f10x_gpio.o(.text)
    GPIO_ReadInputData                       0x08000739   Thumb Code     8  stm32f10x_gpio.o(.text)
    GPIO_ReadOutputDataBit                   0x08000741   Thumb Code    18  stm32f10x_gpio.o(.text)
    GPIO_ReadOutputData                      0x08000753   Thumb Code     8  stm32f10x_gpio.o(.text)
    GPIO_SetBits                             0x0800075b   Thumb Code     4  stm32f10x_gpio.o(.text)
    GPIO_ResetBits                           0x0800075f   Thumb Code     4  stm32f10x_gpio.o(.text)
    GPIO_WriteBit                            0x08000763   Thumb Code    10  stm32f10x_gpio.o(.text)
    GPIO_Write                               0x0800076d   Thumb Code     4  stm32f10x_gpio.o(.text)
    GPIO_PinLockConfig                       0x08000771   Thumb Code    18  stm32f10x_gpio.o(.text)
    GPIO_EventOutputConfig                   0x08000783   Thumb Code    26  stm32f10x_gpio.o(.text)
    GPIO_EventOutputCmd                      0x0800079d   Thumb Code     6  stm32f10x_gpio.o(.text)
    GPIO_PinRemapConfig                      0x080007a3   Thumb Code   138  stm32f10x_gpio.o(.text)
    GPIO_EXTILineConfig                      0x0800082d   Thumb Code    66  stm32f10x_gpio.o(.text)
    GPIO_ETH_MediaInterfaceConfig            0x0800086f   Thumb Code     8  stm32f10x_gpio.o(.text)
    RCC_DeInit                               0x0800089d   Thumb Code    64  stm32f10x_rcc.o(.text)
    RCC_HSEConfig                            0x080008dd   Thumb Code    70  stm32f10x_rcc.o(.text)
    RCC_GetFlagStatus                        0x08000923   Thumb Code    56  stm32f10x_rcc.o(.text)
    RCC_WaitForHSEStartUp                    0x0800095b   Thumb Code    56  stm32f10x_rcc.o(.text)
    RCC_AdjustHSICalibrationValue            0x08000993   Thumb Code    20  stm32f10x_rcc.o(.text)
    RCC_HSICmd                               0x080009a7   Thumb Code     6  stm32f10x_rcc.o(.text)
    RCC_PLLConfig                            0x080009ad   Thumb Code    24  stm32f10x_rcc.o(.text)
    RCC_PLLCmd                               0x080009c5   Thumb Code     6  stm32f10x_rcc.o(.text)
    RCC_SYSCLKConfig                         0x080009cb   Thumb Code    18  stm32f10x_rcc.o(.text)
    RCC_GetSYSCLKSource                      0x080009dd   Thumb Code    10  stm32f10x_rcc.o(.text)
    RCC_HCLKConfig                           0x080009e7   Thumb Code    18  stm32f10x_rcc.o(.text)
    RCC_PCLK1Config                          0x080009f9   Thumb Code    18  stm32f10x_rcc.o(.text)
    RCC_PCLK2Config                          0x08000a0b   Thumb Code    20  stm32f10x_rcc.o(.text)
    RCC_ITConfig                             0x08000a1f   Thumb Code    26  stm32f10x_rcc.o(.text)
    RCC_USBCLKConfig                         0x08000a39   Thumb Code     8  stm32f10x_rcc.o(.text)
    RCC_ADCCLKConfig                         0x08000a41   Thumb Code    18  stm32f10x_rcc.o(.text)
    RCC_LSEConfig                            0x08000a53   Thumb Code    50  stm32f10x_rcc.o(.text)
    RCC_LSICmd                               0x08000a85   Thumb Code     6  stm32f10x_rcc.o(.text)
    RCC_RTCCLKConfig                         0x08000a8b   Thumb Code    12  stm32f10x_rcc.o(.text)
    RCC_RTCCLKCmd                            0x08000a97   Thumb Code     8  stm32f10x_rcc.o(.text)
    RCC_GetClocksFreq                        0x08000a9f   Thumb Code   192  stm32f10x_rcc.o(.text)
    RCC_AHBPeriphClockCmd                    0x08000b5f   Thumb Code    26  stm32f10x_rcc.o(.text)
    RCC_APB2PeriphClockCmd                   0x08000b79   Thumb Code    26  stm32f10x_rcc.o(.text)
    RCC_APB1PeriphClockCmd                   0x08000b93   Thumb Code    26  stm32f10x_rcc.o(.text)
    RCC_APB2PeriphResetCmd                   0x08000bad   Thumb Code    26  stm32f10x_rcc.o(.text)
    RCC_APB1PeriphResetCmd                   0x08000bc7   Thumb Code    26  stm32f10x_rcc.o(.text)
    RCC_BackupResetCmd                       0x08000be1   Thumb Code     8  stm32f10x_rcc.o(.text)
    RCC_ClockSecuritySystemCmd               0x08000be9   Thumb Code     6  stm32f10x_rcc.o(.text)
    RCC_MCOConfig                            0x08000bef   Thumb Code     6  stm32f10x_rcc.o(.text)
    RCC_ClearFlag                            0x08000bf5   Thumb Code    14  stm32f10x_rcc.o(.text)
    RCC_GetITStatus                          0x08000c03   Thumb Code    20  stm32f10x_rcc.o(.text)
    RCC_ClearITPendingBit                    0x08000c17   Thumb Code     6  stm32f10x_rcc.o(.text)
    TIM_DeInit                               0x08000c41   Thumb Code   424  stm32f10x_tim.o(.text)
    TIM_TimeBaseInit                         0x08000de9   Thumb Code   122  stm32f10x_tim.o(.text)
    TIM_OC1Init                              0x08000e63   Thumb Code   132  stm32f10x_tim.o(.text)
    TIM_OC2Init                              0x08000ee7   Thumb Code   154  stm32f10x_tim.o(.text)
    TIM_OC3Init                              0x08000f81   Thumb Code   150  stm32f10x_tim.o(.text)
    TIM_OC4Init                              0x08001017   Thumb Code   182  stm32f10x_tim.o(.text)
    TIM_SetIC4Prescaler                      0x080010cd   Thumb Code    26  stm32f10x_tim.o(.text)
    TIM_SetIC3Prescaler                      0x08001169   Thumb Code    18  stm32f10x_tim.o(.text)
    TIM_SetIC2Prescaler                      0x080011f5   Thumb Code    26  stm32f10x_tim.o(.text)
    TIM_SetIC1Prescaler                      0x08001291   Thumb Code    18  stm32f10x_tim.o(.text)
    TIM_ICInit                               0x0800130f   Thumb Code   150  stm32f10x_tim.o(.text)
    TIM_PWMIConfig                           0x080013a5   Thumb Code   124  stm32f10x_tim.o(.text)
    TIM_BDTRConfig                           0x08001421   Thumb Code    32  stm32f10x_tim.o(.text)
    TIM_TimeBaseStructInit                   0x08001441   Thumb Code    18  stm32f10x_tim.o(.text)
    TIM_OCStructInit                         0x08001453   Thumb Code    20  stm32f10x_tim.o(.text)
    TIM_ICStructInit                         0x08001467   Thumb Code    18  stm32f10x_tim.o(.text)
    TIM_BDTRStructInit                       0x08001479   Thumb Code    40  stm32f10x_tim.o(.text)
    TIM_Cmd                                  0x080014a1   Thumb Code    24  stm32f10x_tim.o(.text)
    TIM_CtrlPWMOutputs                       0x080014b9   Thumb Code    30  stm32f10x_tim.o(.text)
    TIM_ITConfig                             0x080014d7   Thumb Code    18  stm32f10x_tim.o(.text)
    TIM_GenerateEvent                        0x080014e9   Thumb Code     4  stm32f10x_tim.o(.text)
    TIM_DMAConfig                            0x080014ed   Thumb Code    10  stm32f10x_tim.o(.text)
    TIM_DMACmd                               0x080014f7   Thumb Code    18  stm32f10x_tim.o(.text)
    TIM_InternalClockConfig                  0x08001509   Thumb Code    12  stm32f10x_tim.o(.text)
    TIM_SelectInputTrigger                   0x08001515   Thumb Code    18  stm32f10x_tim.o(.text)
    TIM_ITRxExternalClockConfig              0x08001527   Thumb Code    24  stm32f10x_tim.o(.text)
    TIM_TIxExternalClockConfig               0x0800153f   Thumb Code    62  stm32f10x_tim.o(.text)
    TIM_ETRConfig                            0x0800157d   Thumb Code    28  stm32f10x_tim.o(.text)
    TIM_ETRClockMode1Config                  0x08001599   Thumb Code    54  stm32f10x_tim.o(.text)
    TIM_ETRClockMode2Config                  0x080015cf   Thumb Code    32  stm32f10x_tim.o(.text)
    TIM_PrescalerConfig                      0x080015ef   Thumb Code     6  stm32f10x_tim.o(.text)
    TIM_CounterModeConfig                    0x080015f5   Thumb Code    18  stm32f10x_tim.o(.text)
    TIM_EncoderInterfaceConfig               0x08001607   Thumb Code    66  stm32f10x_tim.o(.text)
    TIM_ForcedOC1Config                      0x08001649   Thumb Code    18  stm32f10x_tim.o(.text)
    TIM_ForcedOC2Config                      0x0800165b   Thumb Code    26  stm32f10x_tim.o(.text)
    TIM_ForcedOC3Config                      0x08001675   Thumb Code    18  stm32f10x_tim.o(.text)
    TIM_ForcedOC4Config                      0x08001687   Thumb Code    26  stm32f10x_tim.o(.text)
    TIM_ARRPreloadConfig                     0x080016a1   Thumb Code    24  stm32f10x_tim.o(.text)
    TIM_SelectCOM                            0x080016b9   Thumb Code    24  stm32f10x_tim.o(.text)
    TIM_SelectCCDMA                          0x080016d1   Thumb Code    24  stm32f10x_tim.o(.text)
    TIM_CCPreloadControl                     0x080016e9   Thumb Code    24  stm32f10x_tim.o(.text)
    TIM_OC1PreloadConfig                     0x08001701   Thumb Code    18  stm32f10x_tim.o(.text)
    TIM_OC2PreloadConfig                     0x08001713   Thumb Code    26  stm32f10x_tim.o(.text)
    TIM_OC3PreloadConfig                     0x0800172d   Thumb Code    18  stm32f10x_tim.o(.text)
    TIM_OC4PreloadConfig                     0x0800173f   Thumb Code    26  stm32f10x_tim.o(.text)
    TIM_OC1FastConfig                        0x08001759   Thumb Code    18  stm32f10x_tim.o(.text)
    TIM_OC2FastConfig                        0x0800176b   Thumb Code    26  stm32f10x_tim.o(.text)
    TIM_OC3FastConfig                        0x08001785   Thumb Code    18  stm32f10x_tim.o(.text)
    TIM_OC4FastConfig                        0x08001797   Thumb Code    26  stm32f10x_tim.o(.text)
    TIM_ClearOC1Ref                          0x080017b1   Thumb Code    18  stm32f10x_tim.o(.text)
    TIM_ClearOC2Ref                          0x080017c3   Thumb Code    24  stm32f10x_tim.o(.text)
    TIM_ClearOC3Ref                          0x080017db   Thumb Code    18  stm32f10x_tim.o(.text)
    TIM_ClearOC4Ref                          0x080017ed   Thumb Code    24  stm32f10x_tim.o(.text)
    TIM_OC1PolarityConfig                    0x08001805   Thumb Code    18  stm32f10x_tim.o(.text)
    TIM_OC1NPolarityConfig                   0x08001817   Thumb Code    18  stm32f10x_tim.o(.text)
    TIM_OC2PolarityConfig                    0x08001829   Thumb Code    26  stm32f10x_tim.o(.text)
    TIM_OC2NPolarityConfig                   0x08001843   Thumb Code    26  stm32f10x_tim.o(.text)
    TIM_OC3PolarityConfig                    0x0800185d   Thumb Code    26  stm32f10x_tim.o(.text)
    TIM_OC3NPolarityConfig                   0x08001877   Thumb Code    26  stm32f10x_tim.o(.text)
    TIM_OC4PolarityConfig                    0x08001891   Thumb Code    26  stm32f10x_tim.o(.text)
    TIM_CCxCmd                               0x080018ab   Thumb Code    30  stm32f10x_tim.o(.text)
    TIM_CCxNCmd                              0x080018c9   Thumb Code    30  stm32f10x_tim.o(.text)
    TIM_SelectOCxM                           0x080018e7   Thumb Code    82  stm32f10x_tim.o(.text)
    TIM_UpdateDisableConfig                  0x08001939   Thumb Code    24  stm32f10x_tim.o(.text)
    TIM_UpdateRequestConfig                  0x08001951   Thumb Code    24  stm32f10x_tim.o(.text)
    TIM_SelectHallSensor                     0x08001969   Thumb Code    24  stm32f10x_tim.o(.text)
    TIM_SelectOnePulseMode                   0x08001981   Thumb Code    18  stm32f10x_tim.o(.text)
    TIM_SelectOutputTrigger                  0x08001993   Thumb Code    18  stm32f10x_tim.o(.text)
    TIM_SelectSlaveMode                      0x080019a5   Thumb Code    18  stm32f10x_tim.o(.text)
    TIM_SelectMasterSlaveMode                0x080019b7   Thumb Code    18  stm32f10x_tim.o(.text)
    TIM_SetCounter                           0x080019c9   Thumb Code     4  stm32f10x_tim.o(.text)
    TIM_SetAutoreload                        0x080019cd   Thumb Code     4  stm32f10x_tim.o(.text)
    TIM_SetCompare1                          0x080019d1   Thumb Code     4  stm32f10x_tim.o(.text)
    TIM_SetCompare2                          0x080019d5   Thumb Code     4  stm32f10x_tim.o(.text)
    TIM_SetCompare3                          0x080019d9   Thumb Code     4  stm32f10x_tim.o(.text)
    TIM_SetCompare4                          0x080019dd   Thumb Code     6  stm32f10x_tim.o(.text)
    TIM_SetClockDivision                     0x080019e3   Thumb Code    18  stm32f10x_tim.o(.text)
    TIM_GetCapture1                          0x080019f5   Thumb Code     6  stm32f10x_tim.o(.text)
    TIM_GetCapture2                          0x080019fb   Thumb Code     6  stm32f10x_tim.o(.text)
    TIM_GetCapture3                          0x08001a01   Thumb Code     6  stm32f10x_tim.o(.text)
    TIM_GetCapture4                          0x08001a07   Thumb Code     8  stm32f10x_tim.o(.text)
    TIM_GetCounter                           0x08001a0f   Thumb Code     6  stm32f10x_tim.o(.text)
    TIM_GetPrescaler                         0x08001a15   Thumb Code     6  stm32f10x_tim.o(.text)
    TIM_GetFlagStatus                        0x08001a1b   Thumb Code    18  stm32f10x_tim.o(.text)
    TIM_ClearFlag                            0x08001a2d   Thumb Code     6  stm32f10x_tim.o(.text)
    TIM_GetITStatus                          0x08001a33   Thumb Code    34  stm32f10x_tim.o(.text)
    TIM_ClearITPendingBit                    0x08001a55   Thumb Code     6  stm32f10x_tim.o(.text)
    USART_DeInit                             0x08001a5d   Thumb Code   134  stm32f10x_usart.o(.text)
    USART_Init                               0x08001ae3   Thumb Code   210  stm32f10x_usart.o(.text)
    USART_StructInit                         0x08001bb5   Thumb Code    24  stm32f10x_usart.o(.text)
    USART_ClockInit                          0x08001bcd   Thumb Code    34  stm32f10x_usart.o(.text)
    USART_ClockStructInit                    0x08001bef   Thumb Code    12  stm32f10x_usart.o(.text)
    USART_Cmd                                0x08001bfb   Thumb Code    24  stm32f10x_usart.o(.text)
    USART_ITConfig                           0x08001c13   Thumb Code    74  stm32f10x_usart.o(.text)
    USART_DMACmd                             0x08001c5d   Thumb Code    18  stm32f10x_usart.o(.text)
    USART_SetAddress                         0x08001c6f   Thumb Code    18  stm32f10x_usart.o(.text)
    USART_WakeUpConfig                       0x08001c81   Thumb Code    18  stm32f10x_usart.o(.text)
    USART_ReceiverWakeUpCmd                  0x08001c93   Thumb Code    24  stm32f10x_usart.o(.text)
    USART_LINBreakDetectLengthConfig         0x08001cab   Thumb Code    18  stm32f10x_usart.o(.text)
    USART_LINCmd                             0x08001cbd   Thumb Code    24  stm32f10x_usart.o(.text)
    USART_SendData                           0x08001cd5   Thumb Code     8  stm32f10x_usart.o(.text)
    USART_ReceiveData                        0x08001cdd   Thumb Code    10  stm32f10x_usart.o(.text)
    USART_SendBreak                          0x08001ce7   Thumb Code    10  stm32f10x_usart.o(.text)
    USART_SetGuardTime                       0x08001cf1   Thumb Code    16  stm32f10x_usart.o(.text)
    USART_SetPrescaler                       0x08001d01   Thumb Code    16  stm32f10x_usart.o(.text)
    USART_SmartCardCmd                       0x08001d11   Thumb Code    24  stm32f10x_usart.o(.text)
    USART_SmartCardNACKCmd                   0x08001d29   Thumb Code    24  stm32f10x_usart.o(.text)
    USART_HalfDuplexCmd                      0x08001d41   Thumb Code    24  stm32f10x_usart.o(.text)
    USART_OverSampling8Cmd                   0x08001d59   Thumb Code    22  stm32f10x_usart.o(.text)
    USART_OneBitMethodCmd                    0x08001d6f   Thumb Code    24  stm32f10x_usart.o(.text)
    USART_IrDAConfig                         0x08001d87   Thumb Code    18  stm32f10x_usart.o(.text)
    USART_IrDACmd                            0x08001d99   Thumb Code    24  stm32f10x_usart.o(.text)
    USART_GetFlagStatus                      0x08001db1   Thumb Code    26  stm32f10x_usart.o(.text)
    USART_ClearFlag                          0x08001dcb   Thumb Code    18  stm32f10x_usart.o(.text)
    USART_GetITStatus                        0x08001ddd   Thumb Code    84  stm32f10x_usart.o(.text)
    USART_ClearITPendingBit                  0x08001e31   Thumb Code    52  stm32f10x_usart.o(.text)
    main                                     0x08001e65   Thumb Code   244  main.o(.text)
    NMI_Handler                              0x08001f69   Thumb Code     2  stm32f10x_it.o(.text)
    HardFault_Handler                        0x08001f6b   Thumb Code     4  stm32f10x_it.o(.text)
    MemManage_Handler                        0x08001f6f   Thumb Code     4  stm32f10x_it.o(.text)
    BusFault_Handler                         0x08001f73   Thumb Code     4  stm32f10x_it.o(.text)
    UsageFault_Handler                       0x08001f77   Thumb Code     4  stm32f10x_it.o(.text)
    SVC_Handler                              0x08001f7b   Thumb Code     2  stm32f10x_it.o(.text)
    DebugMon_Handler                         0x08001f7d   Thumb Code     2  stm32f10x_it.o(.text)
    PendSV_Handler                           0x08001f7f   Thumb Code     2  stm32f10x_it.o(.text)
    SysTick_Handler                          0x08001f81   Thumb Code     2  stm32f10x_it.o(.text)
    Display_Chinese                          0x08001f83   Thumb Code   202  lcd_display_chinese.o(.text)
    Clean_Screen                             0x0800204d   Thumb Code   112  lcd_display_chinese.o(.text)
    Display_Chinese_String                   0x080020bd   Thumb Code    50  lcd_display_chinese.o(.text)
    Display_Rectangle                        0x080020ef   Thumb Code    56  lcd_display_chinese.o(.text)
    Display_English                          0x08002129   Thumb Code   218  lcd_display_english.o(.text)
    Display_Motto6666                        0x08002203   Thumb Code    48  lcd_display_english.o(.text)
    Data_Clean                               0x08002239   Thumb Code    34  modbus_agreement.o(.text)
    CRC_16                                   0x0800225b   Thumb Code    72  modbus_agreement.o(.text)
    RTU_Pack_Data                            0x080022a3   Thumb Code   136  modbus_agreement.o(.text)
    RTU_Data_Analysis                        0x0800232b   Thumb Code   108  modbus_agreement.o(.text)
    USART_Buffer_Clean                       0x080023a1   Thumb Code    50  receive_rtu_data.o(.text)
    LCD_Display_State                        0x080023d3   Thumb Code   190  receive_rtu_data.o(.text)
    Receive_Openmv_Data                      0x08002491   Thumb Code   230  receive_rtu_data.o(.text)
    Receive_Iron_Hand_Data                   0x08002577   Thumb Code   318  receive_rtu_data.o(.text)
    Receive_Openmv_Recognize_Data            0x080026b5   Thumb Code   388  receive_rtu_data.o(.text)
    System_Init                              0x08002845   Thumb Code    80  system_init.o(.text)
    ILI9341_GPIO_Init                        0x080028af   Thumb Code   134  bsp_ili9341_lcd.o(.text)
    ILI9341_Write_CMD                        0x08002935   Thumb Code    60  bsp_ili9341_lcd.o(.text)
    ILI9341_Write_Data                       0x08002971   Thumb Code    60  bsp_ili9341_lcd.o(.text)
    ILI9341_Read_Data                        0x080029ad   Thumb Code   118  bsp_ili9341_lcd.o(.text)
    ILI9341_Read_ID                          0x08002a23   Thumb Code    42  bsp_ili9341_lcd.o(.text)
    ILI9341_REG_Config                       0x08002a4d   Thumb Code   702  bsp_ili9341_lcd.o(.text)
    ILI9341_GramScan                         0x08002d0b   Thumb Code   172  bsp_ili9341_lcd.o(.text)
    ILI9341_Open_Window                      0x08002db7   Thumb Code    96  bsp_ili9341_lcd.o(.text)
    ILI9341_Draw_Rect                        0x08002e17   Thumb Code    58  bsp_ili9341_lcd.o(.text)
    LCD_Init                                 0x08002e51   Thumb Code    38  bsp_ili9341_lcd.o(.text)
    ILI9341_Draw_Point                       0x08002e77   Thumb Code    34  bsp_ili9341_lcd.o(.text)
    USART1_Config                            0x08002ed1   Thumb Code   136  bsp_usart1.o(.text)
    USART1_Printf                            0x08002f59   Thumb Code    46  bsp_usart1.o(.text)
    USART1_IRQHandler                        0x08002f87   Thumb Code    54  bsp_usart1.o(.text)
    SysTick_Delay_us                         0x08003021   Thumb Code    54  bsp_systick.o(.text)
    SysTick_Delay_ms                         0x08003057   Thumb Code    54  bsp_systick.o(.text)
    BASIC_TIM6_Init                          0x080030ff   Thumb Code    12  bsp_tim6.o(.text)
    TIM6_IRQHandler                          0x0800310b   Thumb Code    32  bsp_tim6.o(.text)
    TIM6_Shut_Down                           0x0800312b   Thumb Code    18  bsp_tim6.o(.text)
    BASIC_TIM7_Init                          0x080031ab   Thumb Code    12  bsp_tim7.o(.text)
    TIM7_IRQHandler                          0x080031b7   Thumb Code    58  bsp_tim7.o(.text)
    USART2_Config                            0x08003227   Thumb Code   132  bsp_usart2.o(.text)
    USART2_Printf                            0x080032ab   Thumb Code    46  bsp_usart2.o(.text)
    fputc                                    0x080032d9   Thumb Code    32  bsp_usart2.o(.text)
    USART2_IRQHandler                        0x080032f9   Thumb Code    54  bsp_usart2.o(.text)
    TB6612_Pin_Set                           0x08003349   Thumb Code    90  bsp_motor_control.o(.text)
    MOTOR_TIM_NVIC_Init                      0x080033a3   Thumb Code    42  bsp_motor_control.o(.text)
    MOTOR_TIM_Init                           0x080033cd   Thumb Code    74  bsp_motor_control.o(.text)
    MOTOR_TIM_Config_Init                    0x08003417   Thumb Code    12  bsp_motor_control.o(.text)
    Motor_Init                               0x08003423   Thumb Code    12  bsp_motor_control.o(.text)
    TB6612_PWM_Pin_Control                   0x0800342f   Thumb Code    44  bsp_motor_control.o(.text)
    TIM2_IRQHandler                          0x0800345b   Thumb Code    42  bsp_motor_control.o(.text)
    Sensor_EXTI_Config                       0x080034b7   Thumb Code    76  photoelectric_sensor.o(.text)
    Photoelectric_Sensor_Init                0x08003503   Thumb Code    12  photoelectric_sensor.o(.text)
    EXTI1_IRQHandler                         0x0800350f   Thumb Code    24  photoelectric_sensor.o(.text)
    __scatterload                            0x08003531   Thumb Code    28  init.o(.text)
    __scatterload_rt2                        0x08003531   Thumb Code     0  init.o(.text)
    __decompress                             0x08003555   Thumb Code     0  __dclz77c.o(.text)
    __decompress2                            0x08003555   Thumb Code    94  __dclz77c.o(.text)
    __scatterload_copy                       0x080035b3   Thumb Code    14  handlers.o(i.__scatterload_copy)
    __scatterload_null                       0x080035c1   Thumb Code     2  handlers.o(i.__scatterload_null)
    __scatterload_zeroinit                   0x080035c3   Thumb Code    14  handlers.o(i.__scatterload_zeroinit)
    Region$$Table$$Base                      0x080035d0   Number         0  anon$$obj.o(Region$$Table)
    Region$$Table$$Limit                     0x080035f0   Number         0  anon$$obj.o(Region$$Table)
    SystemCoreClock                          0x20000000   Data           4  system_stm32f10x.o(.data)
    AHBPrescTable                            0x20000004   Data          16  system_stm32f10x.o(.data)
    USART1_Send_Count                        0x20000028   Data           1  main.o(.data)
    USART2_Send_Count                        0x20000029   Data           1  main.o(.data)
    Data_Stirng                              0x2000002a   Data           1  main.o(.data)
    Chinese_Character_1                      0x2000002b   Data         288  lcd_display_chinese.o(.data)
    Chinese_Character_2                      0x2000014b   Data         224  lcd_display_chinese.o(.data)
    Chinese_Character_3                      0x2000022b   Data         256  lcd_display_chinese.o(.data)
    Chinese_Character_4                      0x2000032b   Data         384  lcd_display_chinese.o(.data)
    Chinese_Character_5                      0x200004ab   Data         352  lcd_display_chinese.o(.data)
    Chinese_Character_6                      0x2000060b   Data         480  lcd_display_chinese.o(.data)
    Chinese_Character_7                      0x200007eb   Data         256  lcd_display_chinese.o(.data)
    Chinese_Character_8                      0x200008eb   Data         384  lcd_display_chinese.o(.data)
    Chinese_Character_9                      0x20000a6b   Data         256  lcd_display_chinese.o(.data)
    Chinese_Character_10                     0x20000b6b   Data         384  lcd_display_chinese.o(.data)
    Chinese_Character_11                     0x20000ceb   Data         224  lcd_display_chinese.o(.data)
    Chinese_Character_12                     0x20000dcb   Data         480  lcd_display_chinese.o(.data)
    Chinese_Character_13                     0x20000fab   Data         224  lcd_display_chinese.o(.data)
    Chinese_Character_14                     0x2000108b   Data         480  lcd_display_chinese.o(.data)
    Chinese_Character_15                     0x2000126b   Data         160  lcd_display_chinese.o(.data)
    Chinese_Character_16                     0x2000130b   Data         192  lcd_display_chinese.o(.data)
    Chinese_Character_17                     0x200013cb   Data         416  lcd_display_chinese.o(.data)
    Character_Motto6666                      0x2000156b   Data         432  lcd_display_english.o(.data)
    Check_Code                               0x2000171b   Data           2  modbus_agreement.o(.data)
    Data_Stirngs                             0x2000171d   Data           1  receive_rtu_data.o(.data)
    LCD_X_LENGTH                             0x2000171e   Data           2  bsp_ili9341_lcd.o(.data)
    LCD_Y_LENGTH                             0x20001720   Data           2  bsp_ili9341_lcd.o(.data)
    LCD_SCAN_MODE                            0x20001722   Data           1  bsp_ili9341_lcd.o(.data)
    USART1_RX_Count                          0x20001724   Data           2  bsp_usart1.o(.data)
    TIM6_Count                               0x20001728   Data           4  bsp_tim6.o(.data)
    TIM7_Count                               0x2000172c   Data           1  bsp_tim7.o(.data)
    USART_RX_Over                            0x2000172d   Data           1  bsp_tim7.o(.data)
    USART2_RX_Count                          0x2000172e   Data           2  bsp_usart2.o(.data)
    Flag                                     0x20001730   Data           1  bsp_motor_control.o(.data)
    Check_Object                             0x20001731   Data           1  photoelectric_sensor.o(.data)
    Strings                                  0x20001734   Data          50  modbus_agreement.o(.bss)
    USART1_RX_Pack                           0x20001766   Data          50  bsp_usart1.o(.bss)
    USART2_RX_Pack                           0x20001798   Data          50  bsp_usart2.o(.bss)
    __initial_sp                             0x20001bd0   Data           0  startup_stm32f10x_hd.o(STACK)



==============================================================================

Memory Map of the image

  Image Entry point : 0x08000131

  Load Region LR_IROM1 (Base: 0x08000000, Size: 0x00004d24, Max: 0x00040000, ABSOLUTE, COMPRESSED[0x00003d24])

    Execution Region ER_IROM1 (Base: 0x08000000, Size: 0x000035f0, Max: 0x00040000, ABSOLUTE)

    Base Addr    Size         Type   Attr      Idx    E Section Name        Object

    0x08000000   0x00000130   Data   RO            3    RESET               startup_stm32f10x_hd.o
    0x08000130   0x00000000   Code   RO          704  * .ARM.Collect$$$$00000000  mc_w.l(entry.o)
    0x08000130   0x00000004   Code   RO          707    .ARM.Collect$$$$00000001  mc_w.l(entry2.o)
    0x08000134   0x00000004   Code   RO          710    .ARM.Collect$$$$00000004  mc_w.l(entry5.o)
    0x08000138   0x00000000   Code   RO          712    .ARM.Collect$$$$00000008  mc_w.l(entry7b.o)
    0x08000138   0x00000000   Code   RO          714    .ARM.Collect$$$$0000000A  mc_w.l(entry8b.o)
    0x08000138   0x00000008   Code   RO          715    .ARM.Collect$$$$0000000B  mc_w.l(entry9a.o)
    0x08000140   0x00000000   Code   RO          717    .ARM.Collect$$$$0000000D  mc_w.l(entry10a.o)
    0x08000140   0x00000000   Code   RO          719    .ARM.Collect$$$$0000000F  mc_w.l(entry11a.o)
    0x08000140   0x00000004   Code   RO          708    .ARM.Collect$$$$00002712  mc_w.l(entry2.o)
    0x08000144   0x00000024   Code   RO            4    .text               startup_stm32f10x_hd.o
    0x08000168   0x000001e0   Code   RO           24    .text               system_stm32f10x.o
    0x08000348   0x000000dc   Code   RO          121    .text               misc.o
    0x08000424   0x0000011c   Code   RO          233    .text               stm32f10x_exti.o
    0x08000540   0x0000035c   Code   RO          269    .text               stm32f10x_gpio.o
    0x0800089c   0x000003a4   Code   RO          317    .text               stm32f10x_rcc.o
    0x08000c40   0x00000e1a   Code   RO          367    .text               stm32f10x_tim.o
    0x08001a5a   0x00000002   PAD
    0x08001a5c   0x00000408   Code   RO          379    .text               stm32f10x_usart.o
    0x08001e64   0x00000104   Code   RO          403    .text               main.o
    0x08001f68   0x0000001a   Code   RO          471    .text               stm32f10x_it.o
    0x08001f82   0x000001a4   Code   RO          486    .text               lcd_display_chinese.o
    0x08002126   0x00000002   PAD
    0x08002128   0x00000110   Code   RO          504    .text               lcd_display_english.o
    0x08002238   0x00000168   Code   RO          519    .text               modbus_agreement.o
    0x080023a0   0x000004a4   Code   RO          538    .text               receive_rtu_data.o
    0x08002844   0x00000058   Code   RO          554    .text               system_init.o
    0x0800289c   0x0000060c   Code   RO          566    .text               bsp_ili9341_lcd.o
    0x08002ea8   0x0000012c   Code   RO          581    .text               bsp_usart1.o
    0x08002fd4   0x000000c4   Code   RO          600    .text               bsp_systick.o
    0x08003098   0x000000ac   Code   RO          616    .text               bsp_tim6.o
    0x08003144   0x000000b8   Code   RO          634    .text               bsp_tim7.o
    0x080031fc   0x0000014c   Code   RO          652    .text               bsp_usart2.o
    0x08003348   0x00000144   Code   RO          671    .text               bsp_motor_control.o
    0x0800348c   0x000000a4   Code   RO          686    .text               photoelectric_sensor.o
    0x08003530   0x00000024   Code   RO          721    .text               mc_w.l(init.o)
    0x08003554   0x0000005e   Code   RO          731    .text               mc_w.l(__dclz77c.o)
    0x080035b2   0x0000000e   Code   RO          725    i.__scatterload_copy  mc_w.l(handlers.o)
    0x080035c0   0x00000002   Code   RO          726    i.__scatterload_null  mc_w.l(handlers.o)
    0x080035c2   0x0000000e   Code   RO          727    i.__scatterload_zeroinit  mc_w.l(handlers.o)
    0x080035d0   0x00000020   Data   RO          723    Region$$Table       anon$$obj.o


    Execution Region RW_IRAM1 (Base: 0x20000000, Size: 0x00001bd0, Max: 0x0000c000, ABSOLUTE, COMPRESSED[0x00000734])

    Base Addr    Size         Type   Attr      Idx    E Section Name        Object

    0x20000000   0x00000014   Data   RW           25    .data               system_stm32f10x.o
    0x20000014   0x00000014   Data   RW          318    .data               stm32f10x_rcc.o
    0x20000028   0x00000003   Data   RW          404    .data               main.o
    0x2000002b   0x00001540   Data   RW          487    .data               lcd_display_chinese.o
    0x2000156b   0x000001b0   Data   RW          505    .data               lcd_display_english.o
    0x2000171b   0x00000002   Data   RW          521    .data               modbus_agreement.o
    0x2000171d   0x00000001   Data   RW          539    .data               receive_rtu_data.o
    0x2000171e   0x00000005   Data   RW          567    .data               bsp_ili9341_lcd.o
    0x20001723   0x00000001   PAD
    0x20001724   0x00000002   Data   RW          583    .data               bsp_usart1.o
    0x20001726   0x00000002   PAD
    0x20001728   0x00000004   Data   RW          617    .data               bsp_tim6.o
    0x2000172c   0x00000002   Data   RW          635    .data               bsp_tim7.o
    0x2000172e   0x00000002   Data   RW          654    .data               bsp_usart2.o
    0x20001730   0x00000001   Data   RW          672    .data               bsp_motor_control.o
    0x20001731   0x00000001   Data   RW          687    .data               photoelectric_sensor.o
    0x20001732   0x00000002   PAD
    0x20001734   0x00000032   Zero   RW          520    .bss                modbus_agreement.o
    0x20001766   0x00000032   Zero   RW          582    .bss                bsp_usart1.o
    0x20001798   0x00000032   Zero   RW          653    .bss                bsp_usart2.o
    0x200017ca   0x00000006   PAD
    0x200017d0   0x00000400   Zero   RW            1    STACK               startup_stm32f10x_hd.o


==============================================================================

Image component sizes


      Code (inc. data)   RO Data    RW Data    ZI Data      Debug   Object Name

      1548         32          0          5          0       4307   bsp_ili9341_lcd.o
       324          8          0          1          0       2295   bsp_motor_control.o
       196         12          0          0          0      16311   bsp_systick.o
       172          8          0          4          0       1794   bsp_tim6.o
       184         12          0          2          0       1741   bsp_tim7.o
       300         24          0          2         50       2009   bsp_usart1.o
       332         26          0          2         50       2223   bsp_usart2.o
         0          0          0          0          0       4504   core_cm3.o
       420          0          0       5440          0       3798   lcd_display_chinese.o
       272          6          0        432          0       1990   lcd_display_english.o
       260         16          0          3          0       2849   main.o
       220         22          0          0          0       1969   misc.o
       360         10          0          2         50       2565   modbus_agreement.o
       164         10          0          1          0       1919   photoelectric_sensor.o
      1188        114          0          1          0       3005   receive_rtu_data.o
        36          8        304          0       1024        936   startup_stm32f10x_hd.o
       284         10          0          0          0       2403   stm32f10x_exti.o
       860         38          0          0          0       5809   stm32f10x_gpio.o
        26          0          0          0          0       1290   stm32f10x_it.o
       932         36          0         20          0       9060   stm32f10x_rcc.o
      3610         88          0          0          0      22300   stm32f10x_tim.o
      1032         22          0          0          0       8540   stm32f10x_usart.o
        88          8          0          0          0        582   system_init.o
       480         38          0         20          0     253231   system_stm32f10x.o

    ----------------------------------------------------------------------
     13292        548        336       5940       1180     357430   Object Totals
         0          0         32          0          0          0   (incl. Generated)
         4          0          0          5          6          0   (incl. Padding)

    ----------------------------------------------------------------------

      Code (inc. data)   RO Data    RW Data    ZI Data      Debug   Library Member Name

        94          0          0          0          0          0   __dclz77c.o
         0          0          0          0          0          0   entry.o
         0          0          0          0          0          0   entry10a.o
         0          0          0          0          0          0   entry11a.o
         8          4          0          0          0          0   entry2.o
         4          0          0          0          0          0   entry5.o
         0          0          0          0          0          0   entry7b.o
         0          0          0          0          0          0   entry8b.o
         8          4          0          0          0          0   entry9a.o
        30          0          0          0          0          0   handlers.o
        36          8          0          0          0         68   init.o

    ----------------------------------------------------------------------
       180         16          0          0          0         68   Library Totals
         0          0          0          0          0          0   (incl. Padding)

    ----------------------------------------------------------------------

      Code (inc. data)   RO Data    RW Data    ZI Data      Debug   Library Name

       180         16          0          0          0         68   mc_w.l

    ----------------------------------------------------------------------
       180         16          0          0          0         68   Library Totals

    ----------------------------------------------------------------------

==============================================================================


      Code (inc. data)   RO Data    RW Data    ZI Data      Debug   

     13472        564        336       5940       1180     356222   Grand Totals
     13472        564        336       1844       1180     356222   ELF Image Totals (compressed)
     13472        564        336       1844          0          0   ROM Totals

==============================================================================

    Total RO  Size (Code + RO Data)                13808 (  13.48kB)
    Total RW  Size (RW Data + ZI Data)              7120 (   6.95kB)
    Total ROM Size (Code + RO Data + RW Data)      15652 (  15.29kB)

==============================================================================

