<html>
<body>
<pre>
<h1>礦ision Build Log</h1>
<h2>Project:</h2>
F:\上传到GitHub文件\Material_Sorting_Pipeline\Material_Sorting_Pipeline\Machine_Hand_Control_Code\Project\32ctl.uvproj
Project File Date:  04/08/2019

<h2>Output:</h2>
Build target 'Target 1'
linking...
Program Size: Code=11524 RO-data=336 RW-data=168 ZI-data=1704  
FromELF: creating hex file...
"..\Output\32_duoji.axf" - 0 Error(s), 0 Warning(s).
Build target 'Target 1'
linking...
Program Size: Code=11524 RO-data=336 RW-data=168 ZI-data=1704  
FromELF: creating hex file...
"..\Output\32_duoji.axf" - 0 Error(s), 0 Warning(s).
