<html>
<body>
<pre>
<h1>礦ision Build Log</h1>
<h2>Project:</h2>
H:\STM32\野火STM32\作品制作\物料分拣生产线\Code\Machine_Hand_Control_Code\Project\32ctl.uvproj
Project File Date:  04/03/2019

<h2>Output:</h2>
Build target 'Target 1'
compiling bsp_tim2.c...
linking...
Program Size: Code=8648 RO-data=336 RW-data=44 ZI-data=1708  
FromELF: creating hex file...
"..\Output\32_duoji.axf" - 0 Error(s), 0 Warning(s).
Build target 'Target 1'
linking...
Program Size: Code=8648 RO-data=336 RW-data=44 ZI-data=1708  
FromELF: creating hex file...
"..\Output\32_duoji.axf" - 0 Error(s), 0 Warning(s).
Build target 'Target 1'
linking...
Program Size: Code=8648 RO-data=336 RW-data=44 ZI-data=1708  
FromELF: creating hex file...
"..\Output\32_duoji.axf" - 0 Error(s), 0 Warning(s).
Build target 'Target 1'
compiling bsp_tim2.c...
linking...
Program Size: Code=8640 RO-data=336 RW-data=44 ZI-data=1708  
FromELF: creating hex file...
"..\Output\32_duoji.axf" - 0 Error(s), 0 Warning(s).
Build target 'Target 1'
compiling bsp_tim2.c...
linking...
Program Size: Code=8652 RO-data=336 RW-data=44 ZI-data=1708  
FromELF: creating hex file...
"..\Output\32_duoji.axf" - 0 Error(s), 0 Warning(s).
Build target 'Target 1'
linking...
Program Size: Code=8652 RO-data=336 RW-data=44 ZI-data=1708  
FromELF: creating hex file...
"..\Output\32_duoji.axf" - 0 Error(s), 0 Warning(s).
Build target 'Target 1'
compiling bsp_tim2.c...
linking...
Program Size: Code=8636 RO-data=336 RW-data=44 ZI-data=1708  
FromELF: creating hex file...
"..\Output\32_duoji.axf" - 0 Error(s), 0 Warning(s).
Build target 'Target 1'
linking...
Program Size: Code=8636 RO-data=336 RW-data=44 ZI-data=1708  
FromELF: creating hex file...
"..\Output\32_duoji.axf" - 0 Error(s), 0 Warning(s).
Build target 'Target 1'
compiling bsp_tim2.c...
linking...
Program Size: Code=8636 RO-data=336 RW-data=44 ZI-data=1708  
FromELF: creating hex file...
"..\Output\32_duoji.axf" - 0 Error(s), 0 Warning(s).
